Archive member included to satisfy reference by file (symbol)

c:/program files (x86)/atmel/studio/7.0/toolchain/arm/arm-gnu-toolchain/bin/../lib/gcc/arm-none-eabi/6.3.1/thumb/v6-m\libgcc.a(_udivsi3.o)
                              hpl/core/hpl_core_m0plus_base.o (__aeabi_uidiv)
c:/program files (x86)/atmel/studio/7.0/toolchain/arm/arm-gnu-toolchain/bin/../lib/gcc/arm-none-eabi/6.3.1/thumb/v6-m\libgcc.a(_divsi3.o)
                              dip_switch.o (__aeabi_idivmod)
c:/program files (x86)/atmel/studio/7.0/toolchain/arm/arm-gnu-toolchain/bin/../lib/gcc/arm-none-eabi/6.3.1/thumb/v6-m\libgcc.a(_dvmd_tls.o)
                              c:/program files (x86)/atmel/studio/7.0/toolchain/arm/arm-gnu-toolchain/bin/../lib/gcc/arm-none-eabi/6.3.1/thumb/v6-m\libgcc.a(_udivsi3.o) (__aeabi_idiv0)
c:/program files (x86)/atmel/studio/7.0/toolchain/arm/arm-gnu-toolchain/bin/../lib/gcc/arm-none-eabi/6.3.1/thumb/v6-m\libgcc.a(_aeabi_uldivmod.o)
                              hpl/sercom/hpl_sercom.o (__aeabi_uldivmod)
c:/program files (x86)/atmel/studio/7.0/toolchain/arm/arm-gnu-toolchain/bin/../lib/gcc/arm-none-eabi/6.3.1/thumb/v6-m\libgcc.a(_muldi3.o)
                              hpl/sercom/hpl_sercom.o (__aeabi_lmul)
c:/program files (x86)/atmel/studio/7.0/toolchain/arm/arm-gnu-toolchain/bin/../lib/gcc/arm-none-eabi/6.3.1/thumb/v6-m\libgcc.a(_ffssi2.o)
                              hpl/eic/hpl_eic.o (__ffssi2)
c:/program files (x86)/atmel/studio/7.0/toolchain/arm/arm-gnu-toolchain/bin/../lib/gcc/arm-none-eabi/6.3.1/thumb/v6-m\libgcc.a(_fixunsdfsi.o)
                              hpl/sercom/hpl_sercom.o (__aeabi_d2uiz)
c:/program files (x86)/atmel/studio/7.0/toolchain/arm/arm-gnu-toolchain/bin/../lib/gcc/arm-none-eabi/6.3.1/thumb/v6-m\libgcc.a(_udivmoddi4.o)
                              c:/program files (x86)/atmel/studio/7.0/toolchain/arm/arm-gnu-toolchain/bin/../lib/gcc/arm-none-eabi/6.3.1/thumb/v6-m\libgcc.a(_aeabi_uldivmod.o) (__udivmoddi4)
c:/program files (x86)/atmel/studio/7.0/toolchain/arm/arm-gnu-toolchain/bin/../lib/gcc/arm-none-eabi/6.3.1/thumb/v6-m\libgcc.a(divdf3.o)
                              hpl/sercom/hpl_sercom.o (__aeabi_ddiv)
c:/program files (x86)/atmel/studio/7.0/toolchain/arm/arm-gnu-toolchain/bin/../lib/gcc/arm-none-eabi/6.3.1/thumb/v6-m\libgcc.a(muldf3.o)
                              hpl/sercom/hpl_sercom.o (__aeabi_dmul)
c:/program files (x86)/atmel/studio/7.0/toolchain/arm/arm-gnu-toolchain/bin/../lib/gcc/arm-none-eabi/6.3.1/thumb/v6-m\libgcc.a(subdf3.o)
                              hpl/sercom/hpl_sercom.o (__aeabi_dsub)
c:/program files (x86)/atmel/studio/7.0/toolchain/arm/arm-gnu-toolchain/bin/../lib/gcc/arm-none-eabi/6.3.1/thumb/v6-m\libgcc.a(fixdfsi.o)
                              c:/program files (x86)/atmel/studio/7.0/toolchain/arm/arm-gnu-toolchain/bin/../lib/gcc/arm-none-eabi/6.3.1/thumb/v6-m\libgcc.a(_fixunsdfsi.o) (__aeabi_d2iz)
c:/program files (x86)/atmel/studio/7.0/toolchain/arm/arm-gnu-toolchain/bin/../lib/gcc/arm-none-eabi/6.3.1/thumb/v6-m\libgcc.a(floatsidf.o)
                              hpl/sercom/hpl_sercom.o (__aeabi_i2d)
c:/program files (x86)/atmel/studio/7.0/toolchain/arm/arm-gnu-toolchain/bin/../lib/gcc/arm-none-eabi/6.3.1/thumb/v6-m\libgcc.a(floatunsidf.o)
                              hpl/sercom/hpl_sercom.o (__aeabi_ui2d)
c:/program files (x86)/atmel/studio/7.0/toolchain/arm/arm-gnu-toolchain/bin/../lib/gcc/arm-none-eabi/6.3.1/thumb/v6-m\libgcc.a(_arm_cmpdf2.o)
                              c:/program files (x86)/atmel/studio/7.0/toolchain/arm/arm-gnu-toolchain/bin/../lib/gcc/arm-none-eabi/6.3.1/thumb/v6-m\libgcc.a(_fixunsdfsi.o) (__aeabi_dcmpge)
c:/program files (x86)/atmel/studio/7.0/toolchain/arm/arm-gnu-toolchain/bin/../lib/gcc/arm-none-eabi/6.3.1/thumb/v6-m\libgcc.a(_clzsi2.o)
                              c:/program files (x86)/atmel/studio/7.0/toolchain/arm/arm-gnu-toolchain/bin/../lib/gcc/arm-none-eabi/6.3.1/thumb/v6-m\libgcc.a(divdf3.o) (__clzsi2)
c:/program files (x86)/atmel/studio/7.0/toolchain/arm/arm-gnu-toolchain/bin/../lib/gcc/arm-none-eabi/6.3.1/thumb/v6-m\libgcc.a(_clzdi2.o)
                              c:/program files (x86)/atmel/studio/7.0/toolchain/arm/arm-gnu-toolchain/bin/../lib/gcc/arm-none-eabi/6.3.1/thumb/v6-m\libgcc.a(_udivmoddi4.o) (__clzdi2)
c:/program files (x86)/atmel/studio/7.0/toolchain/arm/arm-gnu-toolchain/bin/../lib/gcc/arm-none-eabi/6.3.1/thumb/v6-m\libgcc.a(_ctzsi2.o)
                              c:/program files (x86)/atmel/studio/7.0/toolchain/arm/arm-gnu-toolchain/bin/../lib/gcc/arm-none-eabi/6.3.1/thumb/v6-m\libgcc.a(_ffssi2.o) (__ctzsi2)
c:/program files (x86)/atmel/studio/7.0/toolchain/arm/arm-gnu-toolchain/bin/../lib/gcc/arm-none-eabi/6.3.1/thumb/v6-m\libgcc.a(eqdf2.o)
                              c:/program files (x86)/atmel/studio/7.0/toolchain/arm/arm-gnu-toolchain/bin/../lib/gcc/arm-none-eabi/6.3.1/thumb/v6-m\libgcc.a(_arm_cmpdf2.o) (__eqdf2)
[...]
Memory Configuration

Name             Origin             Length             Attributes
rom              0x00000000         0x00008000         xr
ram              0x20000000         0x00001000         xrw
*default*        0x00000000         0xffffffff

Linker script and memory map

LOAD c:/program files (x86)/atmel/studio/7.0/toolchain/arm/arm-gnu-toolchain/bin/../lib/gcc/arm-none-eabi/6.3.1/thumb/v6-m/crti.o
LOAD c:/program files (x86)/atmel/studio/7.0/toolchain/arm/arm-gnu-toolchain/bin/../lib/gcc/arm-none-eabi/6.3.1/thumb/v6-m/crtbegin.o
LOAD c:/program files (x86)/atmel/studio/7.0/toolchain/arm/arm-gnu-toolchain/bin/../lib/gcc/arm-none-eabi/6.3.1/../../../../arm-none-eabi/lib/thumb/v6-m/crt0.o
LOAD ac_util.o
LOAD adc_util.o
LOAD atmel_start.o
LOAD Device_Startup/startup_samd21.o
LOAD Device_Startup/system_samd21.o
LOAD dip_switch.o
LOAD dmx.o
LOAD driver_init.o
LOAD examples/driver_examples.o
LOAD hal/src/hal_ac_async.o
LOAD hal/src/hal_adc_async.o
LOAD hal/src/hal_atomic.o
LOAD hal/src/hal_dac_sync.o
LOAD hal/src/hal_delay.o
LOAD hal/src/hal_evsys.o
LOAD hal/src/hal_ext_irq.o
LOAD hal/src/hal_gpio.o
LOAD hal/src/hal_init.o
LOAD hal/src/hal_io.o
LOAD hal/src/hal_sleep.o
LOAD hal/src/hal_usart_async.o
LOAD hal/utils/src/utils_assert.o
LOAD hal/utils/src/utils_event.o
LOAD hal/utils/src/utils_list.o
LOAD hal/utils/src/utils_ringbuffer.o
LOAD hal/utils/src/utils_syscalls.o
LOAD hpl/ac/hpl_ac.o
LOAD hpl/adc/hpl_adc.o
LOAD hpl/core/hpl_core_m0plus_base.o
LOAD hpl/core/hpl_init.o
LOAD hpl/dac/hpl_dac.o
LOAD hpl/dmac/hpl_dmac.o
LOAD hpl/eic/hpl_eic.o
LOAD hpl/evsys/hpl_evsys.o
LOAD hpl/gclk/hpl_gclk.o
LOAD hpl/pm/hpl_pm.o
LOAD hpl/sercom/hpl_sercom.o
LOAD hpl/sysctrl/hpl_sysctrl.o
LOAD hpl/tcc/tcc_lite.o
LOAD hv_dc_supply.o
LOAD main.o
START GROUP
LOAD c:/program files (x86)/atmel/studio/7.0/toolchain/arm/arm-gnu-toolchain/bin/../lib/gcc/arm-none-eabi/6.3.1/../../../../arm-none-eabi/lib/thumb/v6-m\libm.a
END GROUP
START GROUP
LOAD c:/program files (x86)/atmel/studio/7.0/toolchain/arm/arm-gnu-toolchain/bin/../lib/gcc/arm-none-eabi/6.3.1/thumb/v6-m\libgcc.a
LOAD c:/program files (x86)/atmel/studio/7.0/toolchain/arm/arm-gnu-toolchain/bin/../lib/gcc/arm-none-eabi/6.3.1/../../../../arm-none-eabi/lib/thumb/v6-m\libc_nano.a
END GROUP
START GROUP
LOAD c:/program files (x86)/atmel/studio/7.0/toolchain/arm/arm-gnu-toolchain/bin/../lib/gcc/arm-none-eabi/6.3.1/thumb/v6-m\libgcc.a
LOAD c:/program files (x86)/atmel/studio/7.0/toolchain/arm/arm-gnu-toolchain/bin/../lib/gcc/arm-none-eabi/6.3.1/../../../../arm-none-eabi/lib/thumb/v6-m\libc_nano.a
END GROUP
LOAD c:/program files (x86)/atmel/studio/7.0/toolchain/arm/arm-gnu-toolchain/bin/../lib/gcc/arm-none-eabi/6.3.1/thumb/v6-m/crtend.o
LOAD c:/program files (x86)/atmel/studio/7.0/toolchain/arm/arm-gnu-toolchain/bin/../lib/gcc/arm-none-eabi/6.3.1/thumb/v6-m/crtn.o
                0x00000400                STACK_SIZE = DEFINED (STACK_SIZE)?STACK_SIZE:DEFINED (__stack_size__)?__stack_size__:0x400

.text           0x00000000     0x2b7c
                0x00000000                . = ALIGN (0x4)
                0x00000000                _sfixed = .
 *(.vectors .vectors.*)
 .vectors       0x00000000       0xb4 Device_Startup/startup_samd21.o
                0x00000000                exception_table
 *(.text .text.* .gnu.linkonce.t.*)
 .text          0x000000b4       0x60 c:/program files (x86)/atmel/studio/7.0/toolchain/arm/arm-gnu-toolchain/bin/../lib/gcc/arm-none-eabi/6.3.1/thumb/v6-m/crtbegin.o
 .text._ac_async_set_positive_input
                0x00000114       0x3c ac_util.o
                0x00000114                _ac_async_set_positive_input
 .text.ac_async_set_positive_input
                0x00000150        0xc ac_util.o
                0x00000150                ac_async_set_positive_input
 .text.adc_data_read
                0x0000015c       0x12 adc_util.o
                0x0000015c                adc_data_read
 *fill*         0x0000016e        0x2 
 .text.atmel_start_init
                0x00000170        0xc atmel_start.o
                0x00000170                atmel_start_init
 .text.Dummy_Handler
                0x0000017c        0x2 Device_Startup/startup_samd21.o
                0x0000017c                SVCall_Handler
                0x0000017c                DMAC_Handler
                0x0000017c                HardFault_Handler
                0x0000017c                PendSV_Handler
                0x0000017c                TC7_Handler
                0x0000017c                SERCOM1_Handler
                0x0000017c                NonMaskableInt_Handler
                0x0000017c                SERCOM2_Handler
                0x0000017c                TCC0_Handler
                0x0000017c                RTC_Handler
                0x0000017c                TC6_Handler
                0x0000017c                WDT_Handler
                0x0000017c                TC4_Handler
                0x0000017c                USB_Handler
                0x0000017c                TC3_Handler
                0x0000017c                Dummy_Handler
                0x0000017c                PM_Handler
                0x0000017c                TCC2_Handler
                0x0000017c                EVSYS_Handler
                0x0000017c                SERCOM3_Handler
                0x0000017c                SERCOM4_Handler
                0x0000017c                I2S_Handler
                0x0000017c                NVMCTRL_Handler
                0x0000017c                SERCOM0_Handler
                0x0000017c                DAC_Handler
                0x0000017c                PTC_Handler
                0x0000017c                TC5_Handler
                0x0000017c                SYSCTRL_Handler
 *fill*         0x0000017e        0x2 
 .text.Reset_Handler
                0x00000180       0xc4 Device_Startup/startup_samd21.o
                0x00000180                Reset_Handler
 .text.dip_switch_read_group
                0x00000244       0x40 dip_switch.o
                0x00000244                dip_switch_read_group
 .text.dip_switch_data_read
                0x00000284       0x70 dip_switch.o
                0x00000284                dip_switch_data_read
 .text.dip_switch_comparison_ready
                0x000002f4       0x78 dip_switch.o
                0x000002f4                dip_switch_comparison_ready
 .text.dip_switch_init
                0x0000036c       0x58 dip_switch.o
                0x0000036c                dip_switch_init
 .text.dip_switch_read
                0x000003c4       0x14 dip_switch.o
                0x000003c4                dip_switch_read
 .text.dmx_error
                0x000003d8        0xc dmx.o
                0x000003d8                dmx_error
 .text.dmx_received
                0x000003e4       0x28 dmx.o
                0x000003e4                dmx_received
 .text.dmx_rx   0x0000040c       0x50 dmx.o
                0x0000040c                dmx_rx
 .text.dmx_set_address
                0x0000045c        0xc dmx.o
                0x0000045c                dmx_set_address
 .text.dmx_init
                0x00000468       0x2c dmx.o
                0x00000468                dmx_init
 .text.ADC_0_init
                0x00000494       0xc8 driver_init.o
                0x00000494                ADC_0_init
 .text.EXTERNAL_IRQ_0_init
                0x0000055c       0xe8 driver_init.o
                0x0000055c                EXTERNAL_IRQ_0_init
 .text.USART_0_CLOCK_init
                0x00000644       0x20 driver_init.o
                0x00000644                USART_0_CLOCK_init
 .text.USART_0_PORT_init
                0x00000664       0x44 driver_init.o
                0x00000664                USART_0_PORT_init
 .text.USART_0_init
                0x000006a8       0x3c driver_init.o
                0x000006a8                USART_0_init
 .text.AC_0_PORT_init
                0x000006e4       0xa0 driver_init.o
                0x000006e4                AC_0_PORT_init
 .text.AC_0_CLOCK_init
                0x00000784       0x28 driver_init.o
                0x00000784                AC_0_CLOCK_init
 .text.AC_0_init
                0x000007ac       0x28 driver_init.o
                0x000007ac                AC_0_init
 .text.DAC_0_CLOCK_init
                0x000007d4       0x20 driver_init.o
                0x000007d4                DAC_0_CLOCK_init
 .text.DAC_0_init
                0x000007f4       0x20 driver_init.o
                0x000007f4                DAC_0_init
 .text.EVENT_SYSTEM_0_init
                0x00000814       0x28 driver_init.o
                0x00000814                EVENT_SYSTEM_0_init
 .text.TIMER_0_CLOCK_init
                0x0000083c       0x20 driver_init.o
                0x0000083c                TIMER_0_CLOCK_init
 .text.system_init
                0x0000085c      0x240 driver_init.o
                0x0000085c                system_init
 .text.ac_async_comparison_ready
                0x00000a9c        0xc hal/src/hal_ac_async.o
 .text.ac_async_init
                0x00000aa8       0x44 hal/src/hal_ac_async.o
                0x00000aa8                ac_async_init
 .text.ac_async_enable
                0x00000aec       0x28 hal/src/hal_ac_async.o
                0x00000aec                ac_async_enable
 .text.ac_async_register_callback
                0x00000b14       0x30 hal/src/hal_ac_async.o
                0x00000b14                ac_async_register_callback
 .text.ac_async_start_comparison
                0x00000b44       0x2c hal/src/hal_ac_async.o
                0x00000b44                ac_async_start_comparison
 .text.adc_async_window_threshold_reached
                0x00000b70        0xc hal/src/hal_adc_async.o
 .text.adc_async_error_occured
                0x00000b7c        0xc hal/src/hal_adc_async.o
 .text.adc_async_channel_conversion_done
                0x00000b88       0x60 hal/src/hal_adc_async.o
 .text.adc_async_init
                0x00000be8       0xb4 hal/src/hal_adc_async.o
                0x00000be8                adc_async_init
 .text.adc_async_register_channel_buffer
                0x00000c9c       0xb8 hal/src/hal_adc_async.o
                0x00000c9c                adc_async_register_channel_buffer
 .text.adc_async_enable_channel
                0x00000d54       0x40 hal/src/hal_adc_async.o
                0x00000d54                adc_async_enable_channel
 .text.adc_async_register_callback
                0x00000d94       0x7c hal/src/hal_adc_async.o
                0x00000d94                adc_async_register_callback
 .text.adc_async_start_conversion
                0x00000e10       0x28 hal/src/hal_adc_async.o
                0x00000e10                adc_async_start_conversion
 .text.adc_async_set_inputs
                0x00000e38       0x4c hal/src/hal_adc_async.o
                0x00000e38                adc_async_set_inputs
 .text.atomic_enter_critical
                0x00000e84        0xe hal/src/hal_atomic.o
                0x00000e84                atomic_enter_critical
 .text.atomic_leave_critical
                0x00000e92        0xc hal/src/hal_atomic.o
                0x00000e92                atomic_leave_critical
 *fill*         0x00000e9e        0x2 
 .text.dac_sync_init
                0x00000ea0       0x50 hal/src/hal_dac_sync.o
                0x00000ea0                dac_sync_init
 .text.dac_sync_enable_channel
                0x00000ef0       0x38 hal/src/hal_dac_sync.o
                0x00000ef0                dac_sync_enable_channel
 .text.dac_sync_write
                0x00000f28       0x9c hal/src/hal_dac_sync.o
                0x00000f28                dac_sync_write
 .text.event_system_init
                0x00000fc4        0xc hal/src/hal_evsys.o
                0x00000fc4                event_system_init
 .text.process_ext_irq
                0x00000fd0       0x44 hal/src/hal_ext_irq.o
 .text.ext_irq_init
                0x00001014       0x34 hal/src/hal_ext_irq.o
                0x00001014                ext_irq_init
 .text.ext_irq_register
                0x00001048       0xe8 hal/src/hal_ext_irq.o
                0x00001048                ext_irq_register
 .text.usart_transmission_complete
                0x00001130       0x12 hal/src/hal_usart_async.o
 .text.usart_error
                0x00001142       0x12 hal/src/hal_usart_async.o
 .text.usart_fill_rx_buffer
                0x00001154       0x1c hal/src/hal_usart_async.o
 .text.usart_async_write
                0x00001170       0x68 hal/src/hal_usart_async.o
 .text.usart_process_byte_sent
                0x000011d8       0x44 hal/src/hal_usart_async.o
 .text.usart_async_read
                0x0000121c       0x80 hal/src/hal_usart_async.o
 .text.usart_async_init
                0x0000129c       0x9c hal/src/hal_usart_async.o
                0x0000129c                usart_async_init
 .text.usart_async_enable
                0x00001338       0x2c hal/src/hal_usart_async.o
                0x00001338                usart_async_enable
 .text.usart_async_register_callback
                0x00001364       0x78 hal/src/hal_usart_async.o
                0x00001364                usart_async_register_callback
 .text.assert   0x000013dc        0x8 hal/utils/src/utils_assert.o
                0x000013dc                assert
 .text.ringbuffer_init
                0x000013e4       0x4c hal/utils/src/utils_ringbuffer.o
                0x000013e4                ringbuffer_init
 .text.ringbuffer_get
                0x00001430       0x4c hal/utils/src/utils_ringbuffer.o
                0x00001430                ringbuffer_get
 .text.ringbuffer_put
                0x0000147c       0x40 hal/utils/src/utils_ringbuffer.o
                0x0000147c                ringbuffer_put
 .text.ringbuffer_num
                0x000014bc       0x24 hal/utils/src/utils_ringbuffer.o
                0x000014bc                ringbuffer_num
 .text._ac_init_irq_param
                0x000014e0       0x18 hpl/ac/hpl_ac.o
 .text._get_ac_cfg
                0x000014f8       0x2c hpl/ac/hpl_ac.o
 .text._ac_init
                0x00001524       0x94 hpl/ac/hpl_ac.o
 .text._ac_async_init
                0x000015b8       0xb4 hpl/ac/hpl_ac.o
                0x000015b8                _ac_async_init
 .text._ac_async_enable
                0x0000166c       0x14 hpl/ac/hpl_ac.o
                0x0000166c                _ac_async_enable
 .text._ac_async_start_comparison
                0x00001680       0x36 hpl/ac/hpl_ac.o
                0x00001680                _ac_async_start_comparison
 *fill*         0x000016b6        0x2 
 .text.AC_Handler
                0x000016b8       0x44 hpl/ac/hpl_ac.o
                0x000016b8                AC_Handler
 .text._adc_get_hardware_index
                0x000016fc        0x4 hpl/adc/hpl_adc.o
 .text._adc_get_regs
                0x00001700       0x40 hpl/adc/hpl_adc.o
 .text._adc_init
                0x00001740      0x108 hpl/adc/hpl_adc.o
 .text._adc_async_init
                0x00001848       0x60 hpl/adc/hpl_adc.o
                0x00001848                _adc_async_init
 .text._adc_async_enable_channel
                0x000018a8        0xe hpl/adc/hpl_adc.o
                0x000018a8                _adc_async_enable_channel
 .text._adc_async_get_data_size
                0x000018b6       0x1c hpl/adc/hpl_adc.o
                0x000018b6                _adc_async_get_data_size
 .text._adc_async_convert
                0x000018d2       0x14 hpl/adc/hpl_adc.o
                0x000018d2                _adc_async_convert
 *fill*         0x000018e6        0x2 
 .text._adc_async_set_inputs
                0x000018e8       0x38 hpl/adc/hpl_adc.o
                0x000018e8                _adc_async_set_inputs
 .text._adc_async_set_irq_state
                0x00001920       0x3e hpl/adc/hpl_adc.o
                0x00001920                _adc_async_set_irq_state
 *fill*         0x0000195e        0x2 
 .text.ADC_Handler
                0x00001960       0x4c hpl/adc/hpl_adc.o
                0x00001960                ADC_Handler
 .text._init_chip
                0x000019ac       0x38 hpl/core/hpl_init.o
                0x000019ac                _init_chip
 .text._dac_init
                0x000019e4       0x44 hpl/dac/hpl_dac.o
 .text._dac_sync_init
                0x00001a28       0x2c hpl/dac/hpl_dac.o
                0x00001a28                _dac_sync_init
 .text._dac_sync_enable_channel
                0x00001a54       0x14 hpl/dac/hpl_dac.o
                0x00001a54                _dac_sync_enable_channel
 .text._dac_sync_is_channel_enable
                0x00001a68       0x12 hpl/dac/hpl_dac.o
                0x00001a68                _dac_sync_is_channel_enable
 .text._dac_sync_write_data
                0x00001a7a        0xc hpl/dac/hpl_dac.o
                0x00001a7a                _dac_sync_write_data
 *fill*         0x00001a86        0x2 
 .text._ext_irq_init
                0x00001a88       0x98 hpl/eic/hpl_eic.o
                0x00001a88                _ext_irq_init
 .text._ext_irq_enable
                0x00001b20       0x54 hpl/eic/hpl_eic.o
                0x00001b20                _ext_irq_enable
 .text.EIC_Handler
                0x00001b74       0xbc hpl/eic/hpl_eic.o
                0x00001b74                EIC_Handler
 .text._event_system_init
                0x00001c30       0x44 hpl/evsys/hpl_evsys.o
                0x00001c30                _event_system_init
 .text._gclk_init_generators_by_fref
                0x00001c74       0x5c hpl/gclk/hpl_gclk.o
                0x00001c74                _gclk_init_generators_by_fref
 .text._pm_init
                0x00001cd0       0x20 hpl/pm/hpl_pm.o
                0x00001cd0                _pm_init
 .text._sercom_get_hardware_index
                0x00001cf0       0x10 hpl/sercom/hpl_sercom.o
 .text._sercom_usart_interrupt_handler
                0x00001d00       0x64 hpl/sercom/hpl_sercom.o
 .text._sercom_init_irq_param
                0x00001d64       0x18 hpl/sercom/hpl_sercom.o
 .text._sercom_get_irq_num
                0x00001d7c       0x10 hpl/sercom/hpl_sercom.o
 .text._get_sercom_index
                0x00001d8c       0x44 hpl/sercom/hpl_sercom.o
 .text._usart_init
                0x00001dd0       0xf0 hpl/sercom/hpl_sercom.o
 .text._usart_async_init
                0x00001ec0       0x8c hpl/sercom/hpl_sercom.o
                0x00001ec0                _usart_async_init
 .text._usart_async_enable
                0x00001f4c       0x12 hpl/sercom/hpl_sercom.o
                0x00001f4c                _usart_async_enable
 .text._usart_async_write_byte
                0x00001f5e        0x8 hpl/sercom/hpl_sercom.o
                0x00001f5e                _usart_async_write_byte
 .text._usart_async_enable_byte_sent_irq
                0x00001f66        0x8 hpl/sercom/hpl_sercom.o
                0x00001f66                _usart_async_enable_byte_sent_irq
 .text._usart_async_enable_tx_done_irq
                0x00001f6e        0x8 hpl/sercom/hpl_sercom.o
                0x00001f6e                _usart_async_enable_tx_done_irq
 *fill*         0x00001f76        0x2 
 .text._usart_async_set_irq_state
                0x00001f78       0x78 hpl/sercom/hpl_sercom.o
                0x00001f78                _usart_async_set_irq_state
 .text.SERCOM5_Handler
                0x00001ff0       0x14 hpl/sercom/hpl_sercom.o
                0x00001ff0                SERCOM5_Handler
 .text._sysctrl_init_sources
                0x00002004       0x5c hpl/sysctrl/hpl_sysctrl.o
                0x00002004                _sysctrl_init_sources
 .text._sysctrl_init_referenced_generators
                0x00002060       0x88 hpl/sysctrl/hpl_sysctrl.o
                0x00002060                _sysctrl_init_referenced_generators
 .text.TIMER_0_init
                0x000020e8       0x8c hpl/tcc/tcc_lite.o
                0x000020e8                TIMER_0_init
 .text.hv_dc_supply_sense
                0x00002174       0xd4 hv_dc_supply.o
                0x00002174                hv_dc_supply_sense
 .text.hv_dc_supply_enable_adc
                0x00002248       0xa8 hv_dc_supply.o
                0x00002248                hv_dc_supply_enable_adc
 .text.TCC1_Handler
                0x000022f0       0x64 hv_dc_supply.o
                0x000022f0                TCC1_Handler
 .text.hv_dc_supply_cancel
                0x00002354       0x38 hv_dc_supply.o
                0x00002354                hv_dc_supply_cancel
 .text.hv_dc_supply_power_pulse
                0x0000238c       0x58 hv_dc_supply.o
                0x0000238c                hv_dc_supply_power_pulse
 .text.hv_dc_supply_init_timer
                0x000023e4       0xc4 hv_dc_supply.o
                0x000023e4                hv_dc_supply_init_timer
 .text.btn1_pressed
                0x000024a8        0xc main.o
                0x000024a8                btn1_pressed
 .text.btn3_pressed
                0x000024b4        0xc main.o
                0x000024b4                btn3_pressed
 .text.btn2_pressed
                0x000024c0        0xc main.o
                0x000024c0                btn2_pressed
 .text.dip_switch_data_ready
                0x000024cc       0x10 main.o
                0x000024cc                dip_switch_data_ready
 .text.SysTick_Handler
                0x000024dc        0xc main.o
                0x000024dc                SysTick_Handler
 .text.init     0x000024e8       0xa0 main.o
                0x000024e8                init
 .text.main     0x00002588       0x14 main.o
                0x00002588                main
 .text          0x0000259c      0x114 c:/program files (x86)/atmel/studio/7.0/toolchain/arm/arm-gnu-toolchain/bin/../lib/gcc/arm-none-eabi/6.3.1/thumb/v6-m\libgcc.a(_udivsi3.o)
                0x0000259c                __aeabi_uidiv
                0x0000259c                __udivsi3
                0x000026a8                __aeabi_uidivmod
 .text          0x000026b0      0x1d4 c:/program files (x86)/atmel/studio/7.0/toolchain/arm/arm-gnu-toolchain/bin/../lib/gcc/arm-none-eabi/6.3.1/thumb/v6-m\libgcc.a(_divsi3.o)
                0x000026b0                __divsi3
                0x000026b0                __aeabi_idiv
                0x0000287c                __aeabi_idivmod
 .text          0x00002884        0x4 c:/program files (x86)/atmel/studio/7.0/toolchain/arm/arm-gnu-toolchain/bin/../lib/gcc/arm-none-eabi/6.3.1/thumb/v6-m\libgcc.a(_dvmd_tls.o)
                0x00002884                __aeabi_idiv0
                0x00002884                __aeabi_ldiv0
 .text          0x00002888       0x14 c:/program files (x86)/atmel/studio/7.0/toolchain/arm/arm-gnu-toolchain/bin/../lib/gcc/arm-none-eabi/6.3.1/thumb/v6-m\libgcc.a(_ffssi2.o)
                0x00002888                __ffssi2
 .text          0x0000289c       0x40 c:/program files (x86)/atmel/studio/7.0/toolchain/arm/arm-gnu-toolchain/bin/../lib/gcc/arm-none-eabi/6.3.1/thumb/v6-m\libgcc.a(_ctzsi2.o)
                0x0000289c                __ctzsi2
 .text.__libc_init_array
                0x000028dc       0x48 c:/program files (x86)/atmel/studio/7.0/toolchain/arm/arm-gnu-toolchain/bin/../lib/gcc/arm-none-eabi/6.3.1/../../../../arm-none-eabi/lib/thumb/v6-m\libc_nano.a(lib_a-init.o)
                0x000028dc                __libc_init_array
 *(.glue_7t)
 .glue_7t       0x00002924        0x0 linker stubs
 *(.glue_7)
 .glue_7        0x00002924        0x0 linker stubs
 *(.rodata .rodata* .gnu.linkonce.r.*)
 .rodata        0x00002924       0x20 dip_switch.o
                0x00002924                DIP_SWITCH_THRESHOLDS
 .rodata.str1.4
                0x00002944       0x1a hal/src/hal_ac_async.o
 *fill*         0x0000295e        0x2 
 .rodata.str1.4
                0x00002960       0x1b hal/src/hal_adc_async.o
 *fill*         0x0000297b        0x1 
 .rodata.str1.4
                0x0000297c       0x1a hal/src/hal_dac_sync.o
 *fill*         0x00002996        0x2 
 .rodata.str1.4
                0x00002998       0x1d hal/src/hal_usart_async.o
 *fill*         0x000029b5        0x3 
 .rodata.str1.4
                0x000029b8       0x24 hal/utils/src/utils_ringbuffer.o
 .rodata        0x000029dc       0x14 hpl/ac/hpl_ac.o
 .rodata.str1.4
                0x000029f0       0x13 hpl/ac/hpl_ac.o
 *fill*         0x00002a03        0x1 
 .rodata        0x00002a04       0x1c hpl/adc/hpl_adc.o
 .rodata.str1.4
                0x00002a20       0x15 hpl/adc/hpl_adc.o
 *fill*         0x00002a35        0x3 
 .rodata.str1.4
                0x00002a38       0x15 hpl/dac/hpl_dac.o
 *fill*         0x00002a4d        0x3 
 .rodata        0x00002a50       0x18 hpl/eic/hpl_eic.o
 .rodata.str1.4
                0x00002a68       0x15 hpl/eic/hpl_eic.o
 *fill*         0x00002a7d        0x3 
 .rodata        0x00002a80       0x70 hpl/evsys/hpl_evsys.o
 .rodata        0x00002af0       0x4d hpl/sercom/hpl_sercom.o
 *fill*         0x00002b3d        0x3 
 .rodata.str1.4
                0x00002b40       0x1c hpl/sercom/hpl_sercom.o
                                 0x1b (size before relaxing)
 *(.ARM.extab* .gnu.linkonce.armextab.*)
                0x00002b5c                . = ALIGN (0x4)
 *(.init)
 .init          0x00002b5c        0x4 c:/program files (x86)/atmel/studio/7.0/toolchain/arm/arm-gnu-toolchain/bin/../lib/gcc/arm-none-eabi/6.3.1/thumb/v6-m/crti.o
                0x00002b5c                _init
 .init          0x00002b60        0x8 c:/program files (x86)/atmel/studio/7.0/toolchain/arm/arm-gnu-toolchain/bin/../lib/gcc/arm-none-eabi/6.3.1/thumb/v6-m/crtn.o
                0x00002b68                . = ALIGN (0x4)
                0x00002b68                __preinit_array_start = .
 *(.preinit_array)
                0x00002b68                __preinit_array_end = .
                0x00002b68                . = ALIGN (0x4)
                0x00002b68                __init_array_start = .
 *(SORT(.init_array.*))
 *(.init_array)
 .init_array    0x00002b68        0x4 c:/program files (x86)/atmel/studio/7.0/toolchain/arm/arm-gnu-toolchain/bin/../lib/gcc/arm-none-eabi/6.3.1/thumb/v6-m/crtbegin.o
                0x00002b6c                __init_array_end = .
                0x00002b6c                . = ALIGN (0x4)
 *crtbegin.o(.ctors)
 *(EXCLUDE_FILE(*crtend.o) .ctors)
 *(SORT(.ctors.*))
 *crtend.o(.ctors)
                0x00002b6c                . = ALIGN (0x4)
 *(.fini)
 .fini          0x00002b6c        0x4 c:/program files (x86)/atmel/studio/7.0/toolchain/arm/arm-gnu-toolchain/bin/../lib/gcc/arm-none-eabi/6.3.1/thumb/v6-m/crti.o
                0x00002b6c                _fini
 .fini          0x00002b70        0x8 c:/program files (x86)/atmel/studio/7.0/toolchain/arm/arm-gnu-toolchain/bin/../lib/gcc/arm-none-eabi/6.3.1/thumb/v6-m/crtn.o
                0x00002b78                . = ALIGN (0x4)
                0x00002b78                __fini_array_start = .
 *(.fini_array)
 .fini_array    0x00002b78        0x4 c:/program files (x86)/atmel/studio/7.0/toolchain/arm/arm-gnu-toolchain/bin/../lib/gcc/arm-none-eabi/6.3.1/thumb/v6-m/crtbegin.o
 *(SORT(.fini_array.*))
                0x00002b7c                __fini_array_end = .
 *crtbegin.o(.dtors)
 *(EXCLUDE_FILE(*crtend.o) .dtors)
 *(SORT(.dtors.*))
 *crtend.o(.dtors)
                0x00002b7c                . = ALIGN (0x4)
                0x00002b7c                _efixed = .
                [!provide]                PROVIDE (__exidx_start, .)

.vfp11_veneer   0x00002b7c        0x0
 .vfp11_veneer  0x00002b7c        0x0 linker stubs

.v4_bx          0x00002b7c        0x0
 .v4_bx         0x00002b7c        0x0 linker stubs

.iplt           0x00002b7c        0x0
 .iplt          0x00002b7c        0x0 c:/program files (x86)/atmel/studio/7.0/toolchain/arm/arm-gnu-toolchain/bin/../lib/gcc/arm-none-eabi/6.3.1/thumb/v6-m/crtbegin.o

.eh_frame       0x00002b7c        0x0
 .eh_frame      0x00002b7c        0x0 c:/program files (x86)/atmel/studio/7.0/toolchain/arm/arm-gnu-toolchain/bin/../lib/gcc/arm-none-eabi/6.3.1/thumb/v6-m/crtbegin.o

.rel.dyn        0x00002b7c        0x0
 .rel.iplt      0x00002b7c        0x0 c:/program files (x86)/atmel/studio/7.0/toolchain/arm/arm-gnu-toolchain/bin/../lib/gcc/arm-none-eabi/6.3.1/thumb/v6-m/crtbegin.o

.jcr            0x00002b7c        0x0
 .jcr           0x00002b7c        0x0 c:/program files (x86)/atmel/studio/7.0/toolchain/arm/arm-gnu-toolchain/bin/../lib/gcc/arm-none-eabi/6.3.1/thumb/v6-m/crtbegin.o

.igot.plt       0x00002b7c        0x0
 .igot.plt      0x00002b7c        0x0 c:/program files (x86)/atmel/studio/7.0/toolchain/arm/arm-gnu-toolchain/bin/../lib/gcc/arm-none-eabi/6.3.1/thumb/v6-m/crtbegin.o

.ARM.exidx
 *(.ARM.exidx* .gnu.linkonce.armexidx.*)
                [!provide]                PROVIDE (__exidx_end, .)
                0x00002b7c                . = ALIGN (0x4)
                0x00002b7c                _etext = .

.relocate       0x20000000       0x14 load address 0x00002b7c
                0x20000000                . = ALIGN (0x4)
                0x20000000                _srelocate = .
 *(.ramfunc .ramfunc.*)
 *(.data .data.*)
 .data          0x20000000        0x4 dip_switch.o
                0x20000000                dip_switch_bit_pos
                0x20000002                dip_switch_dac_data
 .data          0x20000004        0x2 dmx.o
                0x20000004                dmxStartAddress
 *fill*         0x20000006        0x2 
 .data          0x20000008        0xc hv_dc_supply.o
                0x20000008                hv_dc_supply_zero_change_period
                0x2000000c                hv_dc_supply_period
                0x20000010                hv_dc_supply_period_history
                0x20000014                . = ALIGN (0x4)
                0x20000014                _erelocate = .

.bss            0x20000014      0x138 load address 0x00002b90
                0x20000014                . = ALIGN (0x4)
                0x20000014                _sbss = .
                0x20000014                _szero = .
 *(.bss .bss.*)
 .bss           0x20000014       0x1c c:/program files (x86)/atmel/studio/7.0/toolchain/arm/arm-gnu-toolchain/bin/../lib/gcc/arm-none-eabi/6.3.1/thumb/v6-m/crtbegin.o
 .bss           0x20000030        0x4 dip_switch.o
                0x20000030                dip_switch_block
                0x20000032                dip_switch_data
 .bss           0x20000034        0x2 dmx.o
                0x20000034                currentChannel
 *fill*         0x20000036        0x2 
 .bss           0x20000038       0x24 driver_init.o
 .bss           0x2000005c       0x18 hal/src/hal_ext_irq.o
 .bss           0x20000074        0x4 hpl/ac/hpl_ac.o
 .bss           0x20000078        0x4 hpl/adc/hpl_adc.o
 .bss           0x2000007c        0x4 hpl/eic/hpl_eic.o
 .bss           0x20000080        0x4 hpl/sercom/hpl_sercom.o
 .bss           0x20000084        0xc hv_dc_supply.o
                0x20000084                hv_dc_supply_voltage
                0x20000088                hv_dc_supply_duty_cycle
                0x2000008a                hv_dc_supply_counter
                0x2000008c                count
 *(COMMON)
 COMMON         0x20000090        0x8 dmx.o
                0x20000090                dmx
 COMMON         0x20000098       0xb4 driver_init.o
                0x20000098                AC_0
                0x200000ac                ADC_0
                0x200000d8                DAC_0
                0x200000e4                ADC_0_ch
                0x200000fc                USART_0
                0x2000014c                . = ALIGN (0x4)
                0x2000014c                _ebss = .
                0x2000014c                _ezero = .

.stack          0x2000014c      0x404 load address 0x00002cc8
                0x20000150                . = ALIGN (0x8)
 *fill*         0x2000014c        0x4 
                0x20000150                _sstack = .
                0x20000550                . = (. + STACK_SIZE)
 *fill*         0x20000150      0x400 
                0x20000550                . = ALIGN (0x8)
                0x20000550                _estack = .
                0x20000550                . = ALIGN (0x4)
                0x20000550                _end = .
OUTPUT(My Project.elf elf32-littlearm)

.ARM.attributes
                0x00000000       0x28
 .ARM.attributes
                0x00000000       0x1e c:/program files (x86)/atmel/studio/7.0/toolchain/arm/arm-gnu-toolchain/bin/../lib/gcc/arm-none-eabi/6.3.1/thumb/v6-m/crti.o
 .ARM.attributes
                0x0000001e       0x2c c:/program files (x86)/atmel/studio/7.0/toolchain/arm/arm-gnu-toolchain/bin/../lib/gcc/arm-none-eabi/6.3.1/thumb/v6-m/crtbegin.o
 .ARM.attributes
                0x0000004a       0x32 ac_util.o
 .ARM.attributes
                0x0000007c       0x32 adc_util.o
 .ARM.attributes
                0x000000ae       0x32 atmel_start.o
 .ARM.attributes
                0x000000e0       0x32 Device_Startup/startup_samd21.o
 .ARM.attributes
                0x00000112       0x32 dip_switch.o
 .ARM.attributes
                0x00000144       0x32 dmx.o
 .ARM.attributes
                0x00000176       0x32 driver_init.o
 .ARM.attributes
                0x000001a8       0x32 hal/src/hal_ac_async.o
 .ARM.attributes
                0x000001da       0x32 hal/src/hal_adc_async.o
 .ARM.attributes
                0x0000020c       0x32 hal/src/hal_atomic.o
 .ARM.attributes
                0x0000023e       0x32 hal/src/hal_dac_sync.o
 .ARM.attributes
                0x00000270       0x32 hal/src/hal_evsys.o
 .ARM.attributes
                0x000002a2       0x32 hal/src/hal_ext_irq.o
 .ARM.attributes
                0x000002d4       0x32 hal/src/hal_usart_async.o
 .ARM.attributes
                0x00000306       0x32 hal/utils/src/utils_assert.o
 .ARM.attributes
                0x00000338       0x32 hal/utils/src/utils_ringbuffer.o
 .ARM.attributes
                0x0000036a       0x32 hpl/ac/hpl_ac.o
 .ARM.attributes
                0x0000039c       0x32 hpl/adc/hpl_adc.o
 .ARM.attributes
                0x000003ce       0x32 hpl/core/hpl_init.o
 .ARM.attributes
                0x00000400       0x32 hpl/dac/hpl_dac.o
 .ARM.attributes
                0x00000432       0x32 hpl/eic/hpl_eic.o
 .ARM.attributes
                0x00000464       0x32 hpl/evsys/hpl_evsys.o
 .ARM.attributes
                0x00000496       0x32 hpl/gclk/hpl_gclk.o
 .ARM.attributes
                0x000004c8       0x32 hpl/pm/hpl_pm.o
 .ARM.attributes
                0x000004fa       0x32 hpl/sercom/hpl_sercom.o
 .ARM.attributes
                0x0000052c       0x32 hpl/sysctrl/hpl_sysctrl.o
 .ARM.attributes
                0x0000055e       0x32 hpl/tcc/tcc_lite.o
 .ARM.attributes
                0x00000590       0x32 hv_dc_supply.o
 .ARM.attributes
                0x000005c2       0x32 main.o
 .ARM.attributes
                0x000005f4       0x1e c:/program files (x86)/atmel/studio/7.0/toolchain/arm/arm-gnu-toolchain/bin/../lib/gcc/arm-none-eabi/6.3.1/thumb/v6-m\libgcc.a(_udivsi3.o)
 .ARM.attributes
                0x00000612       0x1e c:/program files (x86)/atmel/studio/7.0/toolchain/arm/arm-gnu-toolchain/bin/../lib/gcc/arm-none-eabi/6.3.1/thumb/v6-m\libgcc.a(_divsi3.o)
 .ARM.attributes
                0x00000630       0x1e c:/program files (x86)/atmel/studio/7.0/toolchain/arm/arm-gnu-toolchain/bin/../lib/gcc/arm-none-eabi/6.3.1/thumb/v6-m\libgcc.a(_dvmd_tls.o)
 .ARM.attributes
                0x0000064e       0x2c c:/program files (x86)/atmel/studio/7.0/toolchain/arm/arm-gnu-toolchain/bin/../lib/gcc/arm-none-eabi/6.3.1/thumb/v6-m\libgcc.a(_ffssi2.o)
 .ARM.attributes
                0x0000067a       0x1e c:/program files (x86)/atmel/studio/7.0/toolchain/arm/arm-gnu-toolchain/bin/../lib/gcc/arm-none-eabi/6.3.1/thumb/v6-m\libgcc.a(_ctzsi2.o)
 .ARM.attributes
                0x00000698       0x2c c:/program files (x86)/atmel/studio/7.0/toolchain/arm/arm-gnu-toolchain/bin/../lib/gcc/arm-none-eabi/6.3.1/../../../../arm-none-eabi/lib/thumb/v6-m\libc_nano.a(lib_a-init.o)
 .ARM.attributes
                0x000006c4       0x1e c:/program files (x86)/atmel/studio/7.0/toolchain/arm/arm-gnu-toolchain/bin/../lib/gcc/arm-none-eabi/6.3.1/thumb/v6-m/crtn.o

.comment        0x00000000       0x59
 .comment       0x00000000       0x59 ac_util.o
                                 0x5a (size before relaxing)
 .comment       0x00000059       0x5a adc_util.o
 .comment       0x00000059       0x5a atmel_start.o
 .comment       0x00000059       0x5a Device_Startup/startup_samd21.o
 .comment       0x00000059       0x5a dip_switch.o
 .comment       0x00000059       0x5a dmx.o
 .comment       0x00000059       0x5a driver_init.o
 .comment       0x00000059       0x5a hal/src/hal_ac_async.o
 .comment       0x00000059       0x5a hal/src/hal_adc_async.o
 .comment       0x00000059       0x5a hal/src/hal_atomic.o
 .comment       0x00000059       0x5a hal/src/hal_dac_sync.o
 .comment       0x00000059       0x5a hal/src/hal_evsys.o
 .comment       0x00000059       0x5a hal/src/hal_ext_irq.o
 .comment       0x00000059       0x5a hal/src/hal_usart_async.o
 .comment       0x00000059       0x5a hal/utils/src/utils_assert.o
 .comment       0x00000059       0x5a hal/utils/src/utils_ringbuffer.o
 .comment       0x00000059       0x5a hpl/ac/hpl_ac.o
 .comment       0x00000059       0x5a hpl/adc/hpl_adc.o
 .comment       0x00000059       0x5a hpl/core/hpl_init.o
 .comment       0x00000059       0x5a hpl/dac/hpl_dac.o
 .comment       0x00000059       0x5a hpl/eic/hpl_eic.o
 .comment       0x00000059       0x5a hpl/evsys/hpl_evsys.o
 .comment       0x00000059       0x5a hpl/gclk/hpl_gclk.o
 .comment       0x00000059       0x5a hpl/pm/hpl_pm.o
 .comment       0x00000059       0x5a hpl/sercom/hpl_sercom.o
 .comment       0x00000059       0x5a hpl/sysctrl/hpl_sysctrl.o
 .comment       0x00000059       0x5a hpl/tcc/tcc_lite.o
 .comment       0x00000059       0x5a hv_dc_supply.o
 .comment       0x00000059       0x5a main.o

.debug_info     0x00000000    0x3a2d8
 .debug_info    0x00000000      0xc98 ac_util.o
 .debug_info    0x00000c98      0xf74 adc_util.o
 .debug_info    0x00001c0c      0x744 atmel_start.o
 .debug_info    0x00002350     0x3a43 Device_Startup/startup_samd21.o
 .debug_info    0x00005d93      0x9f7 dip_switch.o
 .debug_info    0x0000678a     0x10a2 dmx.o
 .debug_info    0x0000782c     0xe9ea driver_init.o
 .debug_info    0x00016216      0x5fe hal/src/hal_ac_async.o
 .debug_info    0x00016814     0x13c2 hal/src/hal_adc_async.o
 .debug_info    0x00017bd6      0x1d1 hal/src/hal_atomic.o
 .debug_info    0x00017da7      0x461 hal/src/hal_dac_sync.o
 .debug_info    0x00018208      0x29c hal/src/hal_evsys.o
 .debug_info    0x000184a4      0x366 hal/src/hal_ext_irq.o
 .debug_info    0x0001880a     0x129e hal/src/hal_usart_async.o
 .debug_info    0x00019aa8      0x107 hal/utils/src/utils_assert.o
 .debug_info    0x00019baf      0x2f1 hal/utils/src/utils_ringbuffer.o
 .debug_info    0x00019ea0     0x1e46 hpl/ac/hpl_ac.o
 .debug_info    0x0001bce6     0x3a04 hpl/adc/hpl_adc.o
 .debug_info    0x0001f6ea      0x6a0 hpl/core/hpl_init.o
 .debug_info    0x0001fd8a     0x140d hpl/dac/hpl_dac.o
 .debug_info    0x00021197     0x1fbb hpl/eic/hpl_eic.o
 .debug_info    0x00023152      0xf57 hpl/evsys/hpl_evsys.o
 .debug_info    0x000240a9      0x679 hpl/gclk/hpl_gclk.o
 .debug_info    0x00024722      0xcd7 hpl/pm/hpl_pm.o
 .debug_info    0x000253f9     0xb646 hpl/sercom/hpl_sercom.o
 .debug_info    0x00030a3f     0x1ae5 hpl/sysctrl/hpl_sysctrl.o
 .debug_info    0x00032524     0x2397 hpl/tcc/tcc_lite.o
 .debug_info    0x000348bb     0x45c1 hv_dc_supply.o
 .debug_info    0x00038e7c     0x145c main.o

.debug_abbrev   0x00000000     0x475d
 .debug_abbrev  0x00000000      0x271 ac_util.o
 .debug_abbrev  0x00000271      0x2c9 adc_util.o
 .debug_abbrev  0x0000053a       0xf5 atmel_start.o
 .debug_abbrev  0x0000062f      0x227 Device_Startup/startup_samd21.o
 .debug_abbrev  0x00000856      0x1cb dip_switch.o
 .debug_abbrev  0x00000a21      0x316 dmx.o
 .debug_abbrev  0x00000d37      0x3cd driver_init.o
 .debug_abbrev  0x00001104      0x175 hal/src/hal_ac_async.o
 .debug_abbrev  0x00001279      0x1f3 hal/src/hal_adc_async.o
 .debug_abbrev  0x0000146c      0x144 hal/src/hal_atomic.o
 .debug_abbrev  0x000015b0      0x13c hal/src/hal_dac_sync.o
 .debug_abbrev  0x000016ec       0xcd hal/src/hal_evsys.o
 .debug_abbrev  0x000017b9      0x16c hal/src/hal_ext_irq.o
 .debug_abbrev  0x00001925      0x29f hal/src/hal_usart_async.o
 .debug_abbrev  0x00001bc4       0x86 hal/utils/src/utils_assert.o
 .debug_abbrev  0x00001c4a       0xf4 hal/utils/src/utils_ringbuffer.o
 .debug_abbrev  0x00001d3e      0x453 hpl/ac/hpl_ac.o
 .debug_abbrev  0x00002191      0x4d4 hpl/adc/hpl_adc.o
 .debug_abbrev  0x00002665      0x1d9 hpl/core/hpl_init.o
 .debug_abbrev  0x0000283e      0x38e hpl/dac/hpl_dac.o
 .debug_abbrev  0x00002bcc      0x3f4 hpl/eic/hpl_eic.o
 .debug_abbrev  0x00002fc0      0x245 hpl/evsys/hpl_evsys.o
 .debug_abbrev  0x00003205      0x1c3 hpl/gclk/hpl_gclk.o
 .debug_abbrev  0x000033c8      0x211 hpl/pm/hpl_pm.o
 .debug_abbrev  0x000035d9      0x5bf hpl/sercom/hpl_sercom.o
 .debug_abbrev  0x00003b98      0x265 hpl/sysctrl/hpl_sysctrl.o
 .debug_abbrev  0x00003dfd      0x24e hpl/tcc/tcc_lite.o
 .debug_abbrev  0x0000404b      0x42c hv_dc_supply.o
 .debug_abbrev  0x00004477      0x2e6 main.o

.debug_loc      0x00000000    0x12d5b
 .debug_loc     0x00000000      0x19e ac_util.o
 .debug_loc     0x0000019e      0x180 adc_util.o
 .debug_loc     0x0000031e       0x20 atmel_start.o
 .debug_loc     0x0000033e       0x78 Device_Startup/startup_samd21.o
 .debug_loc     0x000003b6      0x212 dip_switch.o
 .debug_loc     0x000005c8      0x15f dmx.o
 .debug_loc     0x00000727     0x26e1 driver_init.o
 .debug_loc     0x00002e08      0x3d3 hal/src/hal_ac_async.o
 .debug_loc     0x000031db     0x10ba hal/src/hal_adc_async.o
 .debug_loc     0x00004295       0x13 hal/src/hal_atomic.o
 .debug_loc     0x000042a8      0x418 hal/src/hal_dac_sync.o
 .debug_loc     0x000046c0      0x1c8 hal/src/hal_evsys.o
 .debug_loc     0x00004888      0x3bd hal/src/hal_ext_irq.o
 .debug_loc     0x00004c45      0xf92 hal/src/hal_usart_async.o
 .debug_loc     0x00005bd7      0x2d1 hal/utils/src/utils_ringbuffer.o
 .debug_loc     0x00005ea8      0x954 hpl/ac/hpl_ac.o
 .debug_loc     0x000067fc     0x1f55 hpl/adc/hpl_adc.o
 .debug_loc     0x00008751       0x4c hpl/core/hpl_init.o
 .debug_loc     0x0000879d      0x556 hpl/dac/hpl_dac.o
 .debug_loc     0x00008cf3      0x564 hpl/eic/hpl_eic.o
 .debug_loc     0x00009257      0x2e5 hpl/evsys/hpl_evsys.o
 .debug_loc     0x0000953c      0x27c hpl/gclk/hpl_gclk.o
 .debug_loc     0x000097b8      0x11b hpl/pm/hpl_pm.o
 .debug_loc     0x000098d3     0x8011 hpl/sercom/hpl_sercom.o
 .debug_loc     0x000118e4      0x324 hpl/sysctrl/hpl_sysctrl.o
 .debug_loc     0x00011c08      0x1ea hpl/tcc/tcc_lite.o
 .debug_loc     0x00011df2      0xda7 hv_dc_supply.o
 .debug_loc     0x00012b99      0x1c2 main.o

.debug_aranges  0x00000000      0xf40
 .debug_aranges
                0x00000000       0x28 ac_util.o
 .debug_aranges
                0x00000028       0x38 adc_util.o
 .debug_aranges
                0x00000060       0x20 atmel_start.o
 .debug_aranges
                0x00000080       0x28 Device_Startup/startup_samd21.o
 .debug_aranges
                0x000000a8       0x40 dip_switch.o
 .debug_aranges
                0x000000e8       0x40 dmx.o
 .debug_aranges
                0x00000128       0x88 driver_init.o
 .debug_aranges
                0x000001b0       0x60 hal/src/hal_ac_async.o
 .debug_aranges
                0x00000210       0xd0 hal/src/hal_adc_async.o
 .debug_aranges
                0x000002e0       0x30 hal/src/hal_atomic.o
 .debug_aranges
                0x00000310       0x48 hal/src/hal_dac_sync.o
 .debug_aranges
                0x00000358       0x50 hal/src/hal_evsys.o
 .debug_aranges
                0x000003a8       0x50 hal/src/hal_ext_irq.o
 .debug_aranges
                0x000003f8       0xe0 hal/src/hal_usart_async.o
 .debug_aranges
                0x000004d8       0x20 hal/utils/src/utils_assert.o
 .debug_aranges
                0x000004f8       0x40 hal/utils/src/utils_ringbuffer.o
 .debug_aranges
                0x00000538       0xa0 hpl/ac/hpl_ac.o
 .debug_aranges
                0x000005d8      0x1f8 hpl/adc/hpl_adc.o
 .debug_aranges
                0x000007d0       0x20 hpl/core/hpl_init.o
 .debug_aranges
                0x000007f0       0x88 hpl/dac/hpl_dac.o
 .debug_aranges
                0x00000878       0x38 hpl/eic/hpl_eic.o
 .debug_aranges
                0x000008b0       0x38 hpl/evsys/hpl_evsys.o
 .debug_aranges
                0x000008e8       0x28 hpl/gclk/hpl_gclk.o
 .debug_aranges
                0x00000910       0x30 hpl/pm/hpl_pm.o
 .debug_aranges
                0x00000940      0x520 hpl/sercom/hpl_sercom.o
 .debug_aranges
                0x00000e60       0x28 hpl/sysctrl/hpl_sysctrl.o
 .debug_aranges
                0x00000e88       0x20 hpl/tcc/tcc_lite.o
 .debug_aranges
                0x00000ea8       0x48 hv_dc_supply.o
 .debug_aranges
                0x00000ef0       0x50 main.o

.debug_ranges   0x00000000     0x1000
 .debug_ranges  0x00000000       0x18 ac_util.o
 .debug_ranges  0x00000018       0x28 adc_util.o
 .debug_ranges  0x00000040       0x10 atmel_start.o
 .debug_ranges  0x00000050       0x18 Device_Startup/startup_samd21.o
 .debug_ranges  0x00000068       0x48 dip_switch.o
 .debug_ranges  0x000000b0       0x48 dmx.o
 .debug_ranges  0x000000f8       0x78 driver_init.o
 .debug_ranges  0x00000170       0x50 hal/src/hal_ac_async.o
 .debug_ranges  0x000001c0       0xc0 hal/src/hal_adc_async.o
 .debug_ranges  0x00000280       0x20 hal/src/hal_atomic.o
 .debug_ranges  0x000002a0       0x38 hal/src/hal_dac_sync.o
 .debug_ranges  0x000002d8       0x40 hal/src/hal_evsys.o
 .debug_ranges  0x00000318       0x40 hal/src/hal_ext_irq.o
 .debug_ranges  0x00000358       0xd0 hal/src/hal_usart_async.o
 .debug_ranges  0x00000428       0x10 hal/utils/src/utils_assert.o
 .debug_ranges  0x00000438       0x30 hal/utils/src/utils_ringbuffer.o
 .debug_ranges  0x00000468       0xc0 hpl/ac/hpl_ac.o
 .debug_ranges  0x00000528      0x200 hpl/adc/hpl_adc.o
 .debug_ranges  0x00000728       0x10 hpl/core/hpl_init.o
 .debug_ranges  0x00000738       0x90 hpl/dac/hpl_dac.o
 .debug_ranges  0x000007c8       0x40 hpl/eic/hpl_eic.o
 .debug_ranges  0x00000808       0x28 hpl/evsys/hpl_evsys.o
 .debug_ranges  0x00000830       0x18 hpl/gclk/hpl_gclk.o
 .debug_ranges  0x00000848       0x20 hpl/pm/hpl_pm.o
 .debug_ranges  0x00000868      0x6e0 hpl/sercom/hpl_sercom.o
 .debug_ranges  0x00000f48       0x18 hpl/sysctrl/hpl_sysctrl.o
 .debug_ranges  0x00000f60       0x10 hpl/tcc/tcc_lite.o
 .debug_ranges  0x00000f70       0x50 hv_dc_supply.o
 .debug_ranges  0x00000fc0       0x40 main.o

.debug_macro    0x00000000    0x1d490
 .debug_macro   0x00000000      0x469 ac_util.o
 .debug_macro   0x00000469      0x89e ac_util.o
 .debug_macro   0x00000d07      0x16d ac_util.o
 .debug_macro   0x00000e74       0x22 ac_util.o
 .debug_macro   0x00000e96       0x87 ac_util.o
 .debug_macro   0x00000f1d       0x51 ac_util.o
 .debug_macro   0x00000f6e       0xef ac_util.o
 .debug_macro   0x0000105d       0x6a ac_util.o
 .debug_macro   0x000010c7      0x1df ac_util.o
 .debug_macro   0x000012a6       0x22 ac_util.o
 .debug_macro   0x000012c8       0x3f ac_util.o
 .debug_macro   0x00001307       0x1c ac_util.o
 .debug_macro   0x00001323       0x22 ac_util.o
 .debug_macro   0x00001345       0xb5 ac_util.o
 .debug_macro   0x000013fa      0x3ad ac_util.o
 .debug_macro   0x000017a7      0x67e ac_util.o
 .debug_macro   0x00001e25      0x8b1 ac_util.o
 .debug_macro   0x000026d6      0x22e ac_util.o
 .debug_macro   0x00002904      0xd5c ac_util.o
 .debug_macro   0x00003660      0x4dc ac_util.o
 .debug_macro   0x00003b3c      0x9f6 ac_util.o
 .debug_macro   0x00004532      0x82b ac_util.o
 .debug_macro   0x00004d5d      0x45f ac_util.o
 .debug_macro   0x000051bc       0x5e ac_util.o
 .debug_macro   0x0000521a      0x8f9 ac_util.o
 .debug_macro   0x00005b13      0x21c ac_util.o
 .debug_macro   0x00005d2f      0x7eb ac_util.o
 .debug_macro   0x0000651a       0x5e ac_util.o
 .debug_macro   0x00006578      0x663 ac_util.o
 .debug_macro   0x00006bdb      0x3ac ac_util.o
 .debug_macro   0x00006f87      0xc76 ac_util.o
 .debug_macro   0x00007bfd     0x1092 ac_util.o
 .debug_macro   0x00008c8f      0xc4a ac_util.o
 .debug_macro   0x000098d9      0x6ba ac_util.o
 .debug_macro   0x00009f93     0x1b3d ac_util.o
 .debug_macro   0x0000bad0     0x143c ac_util.o
 .debug_macro   0x0000cf0c      0x340 ac_util.o
 .debug_macro   0x0000d24c       0x7c ac_util.o
 .debug_macro   0x0000d2c8       0xa0 ac_util.o
 .debug_macro   0x0000d368       0x4c ac_util.o
 .debug_macro   0x0000d3b4       0xca ac_util.o
 .debug_macro   0x0000d47e       0x94 ac_util.o
 .debug_macro   0x0000d512       0x58 ac_util.o
 .debug_macro   0x0000d56a      0x364 ac_util.o
 .debug_macro   0x0000d8ce       0x82 ac_util.o
 .debug_macro   0x0000d950      0x189 ac_util.o
 .debug_macro   0x0000dad9       0xb8 ac_util.o
 .debug_macro   0x0000db91       0xa0 ac_util.o
 .debug_macro   0x0000dc31       0xb8 ac_util.o
 .debug_macro   0x0000dce9       0x1c ac_util.o
 .debug_macro   0x0000dd05       0x1c ac_util.o
 .debug_macro   0x0000dd21       0x1c ac_util.o
 .debug_macro   0x0000dd3d       0x82 ac_util.o
 .debug_macro   0x0000ddbf      0x15a ac_util.o
 .debug_macro   0x0000df19       0x10 ac_util.o
 .debug_macro   0x0000df29       0xdc ac_util.o
 .debug_macro   0x0000e005      0x124 ac_util.o
 .debug_macro   0x0000e129      0x124 ac_util.o
 .debug_macro   0x0000e24d      0x124 ac_util.o
 .debug_macro   0x0000e371      0x124 ac_util.o
 .debug_macro   0x0000e495      0x124 ac_util.o
 .debug_macro   0x0000e5b9      0x124 ac_util.o
 .debug_macro   0x0000e6dd      0x124 ac_util.o
 .debug_macro   0x0000e801       0xe2 ac_util.o
 .debug_macro   0x0000e8e3       0xe2 ac_util.o
 .debug_macro   0x0000e9c5       0xe2 ac_util.o
 .debug_macro   0x0000eaa7       0xe2 ac_util.o
 .debug_macro   0x0000eb89       0xe2 ac_util.o
 .debug_macro   0x0000ec6b      0x130 ac_util.o
 .debug_macro   0x0000ed9b      0x106 ac_util.o
 .debug_macro   0x0000eea1       0xfa ac_util.o
 .debug_macro   0x0000ef9b      0x40f ac_util.o
 .debug_macro   0x0000f3aa       0x40 ac_util.o
 .debug_macro   0x0000f3ea      0x399 ac_util.o
 .debug_macro   0x0000f783     0x1fb0 ac_util.o
 .debug_macro   0x00011733       0x7b ac_util.o
 .debug_macro   0x000117ae       0x10 ac_util.o
 .debug_macro   0x000117be       0x10 ac_util.o
 .debug_macro   0x000117ce       0x16 ac_util.o
 .debug_macro   0x000117e4       0x16 ac_util.o
 .debug_macro   0x000117fa       0x16 ac_util.o
 .debug_macro   0x00011810       0x16 ac_util.o
 .debug_macro   0x00011826       0x16 ac_util.o
 .debug_macro   0x0001183c       0x16 ac_util.o
 .debug_macro   0x00011852       0x16 ac_util.o
 .debug_macro   0x00011868       0x16 ac_util.o
 .debug_macro   0x0001187e       0x16 ac_util.o
 .debug_macro   0x00011894       0x16 ac_util.o
 .debug_macro   0x000118aa       0x16 ac_util.o
 .debug_macro   0x000118c0       0x16 ac_util.o
 .debug_macro   0x000118d6       0x16 ac_util.o
 .debug_macro   0x000118ec       0x16 ac_util.o
 .debug_macro   0x00011902      0x4c3 ac_util.o
 .debug_macro   0x00011dc5       0x94 ac_util.o
 .debug_macro   0x00011e59       0x16 ac_util.o
 .debug_macro   0x00011e6f       0x6a ac_util.o
 .debug_macro   0x00011ed9      0x28c ac_util.o
 .debug_macro   0x00012165      0x4d8 ac_util.o
 .debug_macro   0x0001263d       0x16 ac_util.o
 .debug_macro   0x00012653       0xca ac_util.o
 .debug_macro   0x0001271d       0x4c ac_util.o
 .debug_macro   0x00012769      0x495 adc_util.o
 .debug_macro   0x00012bfe       0x16 adc_util.o
 .debug_macro   0x00012c14       0xee adc_util.o
 .debug_macro   0x00012d02      0x5a2 atmel_start.o
 .debug_macro   0x000132a4       0x1c atmel_start.o
 .debug_macro   0x000132c0       0xac atmel_start.o
 .debug_macro   0x0001336c       0x10 atmel_start.o
 .debug_macro   0x0001337c      0x310 Device_Startup/startup_samd21.o
 .debug_macro   0x0001368c       0x39 Device_Startup/startup_samd21.o
 .debug_macro   0x000136c5      0x5df dip_switch.o
 .debug_macro   0x00013ca4      0x5b8 dmx.o
 .debug_macro   0x0001425c       0x10 dmx.o
 .debug_macro   0x0001426c      0x5ea driver_init.o
 .debug_macro   0x00014856      0x122 driver_init.o
 .debug_macro   0x00014978       0xc9 driver_init.o
 .debug_macro   0x00014a41      0x46e hal/src/hal_ac_async.o
 .debug_macro   0x00014eaf      0x49b hal/src/hal_adc_async.o
 .debug_macro   0x0001534a      0x43e hal/src/hal_atomic.o
 .debug_macro   0x00015788      0x46b hal/src/hal_dac_sync.o
 .debug_macro   0x00015bf3      0x452 hal/src/hal_evsys.o
 .debug_macro   0x00016045      0x458 hal/src/hal_ext_irq.o
 .debug_macro   0x0001649d      0x49a hal/src/hal_usart_async.o
 .debug_macro   0x00016937      0x447 hal/utils/src/utils_assert.o
 .debug_macro   0x00016d7e       0x10 hal/utils/src/utils_assert.o
 .debug_macro   0x00016d8e      0x44b hal/utils/src/utils_ringbuffer.o
 .debug_macro   0x000171d9      0x471 hpl/ac/hpl_ac.o
 .debug_macro   0x0001764a      0x101 hpl/ac/hpl_ac.o
 .debug_macro   0x0001774b      0x499 hpl/adc/hpl_adc.o
 .debug_macro   0x00017be4      0x6cc hpl/adc/hpl_adc.o
 .debug_macro   0x000182b0      0x6ba hpl/adc/hpl_adc.o
 .debug_macro   0x0001896a       0xd2 hpl/adc/hpl_adc.o
 .debug_macro   0x00018a3c      0x4b8 hpl/core/hpl_init.o
 .debug_macro   0x00018ef4       0x2e hpl/core/hpl_init.o
 .debug_macro   0x00018f22      0x6ec hpl/core/hpl_init.o
 .debug_macro   0x0001960e      0x46e hpl/dac/hpl_dac.o
 .debug_macro   0x00019a7c       0x46 hpl/dac/hpl_dac.o
 .debug_macro   0x00019ac2      0x522 hpl/eic/hpl_eic.o
 .debug_macro   0x00019fe4      0x241 hpl/eic/hpl_eic.o
 .debug_macro   0x0001a225      0x4bc hpl/evsys/hpl_evsys.o
 .debug_macro   0x0001a6e1      0x2c7 hpl/evsys/hpl_evsys.o
 .debug_macro   0x0001a9a8      0x45a hpl/gclk/hpl_gclk.o
 .debug_macro   0x0001ae02      0x1f3 hpl/gclk/hpl_gclk.o
 .debug_macro   0x0001aff5      0x47d hpl/pm/hpl_pm.o
 .debug_macro   0x0001b472      0x686 hpl/sercom/hpl_sercom.o
 .debug_macro   0x0001baf8       0x70 hpl/sercom/hpl_sercom.o
 .debug_macro   0x0001bb68       0xba hpl/sercom/hpl_sercom.o
 .debug_macro   0x0001bc22       0x10 hpl/sercom/hpl_sercom.o
 .debug_macro   0x0001bc32       0x1c hpl/sercom/hpl_sercom.o
 .debug_macro   0x0001bc4e       0x22 hpl/sercom/hpl_sercom.o
 .debug_macro   0x0001bc70       0x10 hpl/sercom/hpl_sercom.o
 .debug_macro   0x0001bc80      0x454 hpl/sysctrl/hpl_sysctrl.o
 .debug_macro   0x0001c0d4      0x2da hpl/sysctrl/hpl_sysctrl.o
 .debug_macro   0x0001c3ae      0x44b hpl/tcc/tcc_lite.o
 .debug_macro   0x0001c7f9      0x671 hv_dc_supply.o
 .debug_macro   0x0001ce6a      0x610 main.o
 .debug_macro   0x0001d47a       0x16 main.o

.debug_line     0x00000000    0x16558
 .debug_line    0x00000000      0x9b8 ac_util.o
 .debug_line    0x000009b8      0xa24 adc_util.o
 .debug_line    0x000013dc      0xb89 atmel_start.o
 .debug_line    0x00001f65      0x70c Device_Startup/startup_samd21.o
 .debug_line    0x00002671      0xc1c dip_switch.o
 .debug_line    0x0000328d      0xbf0 dmx.o
 .debug_line    0x00003e7d      0xf51 driver_init.o
 .debug_line    0x00004dce      0xa53 hal/src/hal_ac_async.o
 .debug_line    0x00005821      0xc86 hal/src/hal_adc_async.o
 .debug_line    0x000064a7      0x9a0 hal/src/hal_atomic.o
 .debug_line    0x00006e47      0xa76 hal/src/hal_dac_sync.o
 .debug_line    0x000078bd      0x9d5 hal/src/hal_evsys.o
 .debug_line    0x00008292      0xa46 hal/src/hal_ext_irq.o
 .debug_line    0x00008cd8      0xc78 hal/src/hal_usart_async.o
 .debug_line    0x00009950      0x96a hal/utils/src/utils_assert.o
 .debug_line    0x0000a2ba      0xa09 hal/utils/src/utils_ringbuffer.o
 .debug_line    0x0000acc3      0xced hpl/ac/hpl_ac.o
 .debug_line    0x0000b9b0     0x12e2 hpl/adc/hpl_adc.o
 .debug_line    0x0000cc92      0xa4b hpl/core/hpl_init.o
 .debug_line    0x0000d6dd      0xbcd hpl/dac/hpl_dac.o
 .debug_line    0x0000e2aa      0xb62 hpl/eic/hpl_eic.o
 .debug_line    0x0000ee0c      0xa75 hpl/evsys/hpl_evsys.o
 .debug_line    0x0000f881      0xa04 hpl/gclk/hpl_gclk.o
 .debug_line    0x00010285      0xa10 hpl/pm/hpl_pm.o
 .debug_line    0x00010c95     0x29c5 hpl/sercom/hpl_sercom.o
 .debug_line    0x0001365a      0xab1 hpl/sysctrl/hpl_sysctrl.o
 .debug_line    0x0001410b      0x9b8 hpl/tcc/tcc_lite.o
 .debug_line    0x00014ac3      0xde7 hv_dc_supply.o
 .debug_line    0x000158aa      0xcae main.o

.debug_str      0x00000000    0x93e41
 .debug_str     0x00000000    0x7986a ac_util.o
                              0x79d86 (size before relaxing)
 .debug_str     0x0007986a      0x92a adc_util.o
                              0x7a331 (size before relaxing)
 .debug_str     0x0007a194      0x6c8 atmel_start.o
                              0x7a32a (size before relaxing)
 .debug_str     0x0007a85c     0x103e Device_Startup/startup_samd21.o
                              0x71e6a (size before relaxing)
 .debug_str     0x0007b89a      0x1d1 dip_switch.o
                              0x7a64d (size before relaxing)
 .debug_str     0x0007ba6b      0x330 dmx.o
                              0x7a6a7 (size before relaxing)
 .debug_str     0x0007bd9b     0x24d6 driver_init.o
                              0x7dd0f (size before relaxing)
 .debug_str     0x0007e271       0xe8 hal/src/hal_ac_async.o
                              0x7a062 (size before relaxing)
 .debug_str     0x0007e359      0x5dd hal/src/hal_adc_async.o
                              0x7a7dd (size before relaxing)
 .debug_str     0x0007e936       0x63 hal/src/hal_atomic.o
                              0x79936 (size before relaxing)
 .debug_str     0x0007e999       0xb3 hal/src/hal_dac_sync.o
                              0x79b1e (size before relaxing)
 .debug_str     0x0007ea4c       0xca hal/src/hal_evsys.o
                              0x79a1e (size before relaxing)
 .debug_str     0x0007eb16       0xcc hal/src/hal_ext_irq.o
                              0x799fb (size before relaxing)
 .debug_str     0x0007ebe2      0x5e1 hal/src/hal_usart_async.o
                              0x7a84d (size before relaxing)
 .debug_str     0x0007f1c3       0x2a hal/utils/src/utils_assert.o
                              0x79946 (size before relaxing)
 .debug_str     0x0007f1ed       0x24 hal/utils/src/utils_ringbuffer.o
                              0x799ec (size before relaxing)
 .debug_str     0x0007f211      0xe73 hpl/ac/hpl_ac.o
                              0x7b075 (size before relaxing)
 .debug_str     0x00080084     0x6a42 hpl/adc/hpl_adc.o
                              0x80e1b (size before relaxing)
 .debug_str     0x00086ac6     0x17d7 hpl/core/hpl_init.o
                              0x7bb33 (size before relaxing)
 .debug_str     0x0008829d      0x418 hpl/dac/hpl_dac.o
                              0x7a202 (size before relaxing)
 .debug_str     0x000886b5     0x3b1d hpl/eic/hpl_eic.o
                              0x7dc83 (size before relaxing)
 .debug_str     0x0008c1d2      0xd78 hpl/evsys/hpl_evsys.o
                              0x7ffb2 (size before relaxing)
 .debug_str     0x0008cf4a      0x852 hpl/gclk/hpl_gclk.o
                              0x7a266 (size before relaxing)
 .debug_str     0x0008d79c      0x194 hpl/pm/hpl_pm.o
                              0x7a6af (size before relaxing)
 .debug_str     0x0008d930     0x478d hpl/sercom/hpl_sercom.o
                              0x7fcdd (size before relaxing)
 .debug_str     0x000920bd     0x13c6 hpl/sysctrl/hpl_sysctrl.o
                              0x7aee9 (size before relaxing)
 .debug_str     0x00093483      0x15b hpl/tcc/tcc_lite.o
                              0x7a197 (size before relaxing)
 .debug_str     0x000935de      0x805 hv_dc_supply.o
                              0x7bd24 (size before relaxing)
 .debug_str     0x00093de3       0x5e main.o
                              0x7ade0 (size before relaxing)

.debug_frame    0x00000000     0x268c
 .debug_frame   0x00000000       0x44 ac_util.o
 .debug_frame   0x00000044       0x64 adc_util.o
 .debug_frame   0x000000a8       0x28 atmel_start.o
 .debug_frame   0x000000d0       0x40 Device_Startup/startup_samd21.o
 .debug_frame   0x00000110       0x98 dip_switch.o
 .debug_frame   0x000001a8       0x78 dmx.o
 .debug_frame   0x00000220      0x178 driver_init.o
 .debug_frame   0x00000398       0xf0 hal/src/hal_ac_async.o
 .debug_frame   0x00000488      0x2bc hal/src/hal_adc_async.o
 .debug_frame   0x00000744       0x40 hal/src/hal_atomic.o
 .debug_frame   0x00000784       0xb4 hal/src/hal_dac_sync.o
 .debug_frame   0x00000838       0xb0 hal/src/hal_evsys.o
 .debug_frame   0x000008e8       0xc8 hal/src/hal_ext_irq.o
 .debug_frame   0x000009b0      0x2a4 hal/src/hal_usart_async.o
 .debug_frame   0x00000c54       0x20 hal/utils/src/utils_assert.o
 .debug_frame   0x00000c74       0x94 hal/utils/src/utils_ringbuffer.o
 .debug_frame   0x00000d08      0x164 hpl/ac/hpl_ac.o
 .debug_frame   0x00000e6c      0x4b0 hpl/adc/hpl_adc.o
 .debug_frame   0x0000131c       0x28 hpl/core/hpl_init.o
 .debug_frame   0x00001344      0x108 hpl/dac/hpl_dac.o
 .debug_frame   0x0000144c       0x6c hpl/eic/hpl_eic.o
 .debug_frame   0x000014b8       0x58 hpl/evsys/hpl_evsys.o
 .debug_frame   0x00001510       0x30 hpl/gclk/hpl_gclk.o
 .debug_frame   0x00001540       0x40 hpl/pm/hpl_pm.o
 .debug_frame   0x00001580      0xedc hpl/sercom/hpl_sercom.o
 .debug_frame   0x0000245c       0x30 hpl/sysctrl/hpl_sysctrl.o
 .debug_frame   0x0000248c       0x20 hpl/tcc/tcc_lite.o
 .debug_frame   0x000024ac       0x94 hv_dc_supply.o
 .debug_frame   0x00002540       0xb8 main.o
 .debug_frame   0x000025f8       0x20 c:/program files (x86)/atmel/studio/7.0/toolchain/arm/arm-gnu-toolchain/bin/../lib/gcc/arm-none-eabi/6.3.1/thumb/v6-m\libgcc.a(_udivsi3.o)
 .debug_frame   0x00002618       0x20 c:/program files (x86)/atmel/studio/7.0/toolchain/arm/arm-gnu-toolchain/bin/../lib/gcc/arm-none-eabi/6.3.1/thumb/v6-m\libgcc.a(_divsi3.o)
 .debug_frame   0x00002638       0x28 c:/program files (x86)/atmel/studio/7.0/toolchain/arm/arm-gnu-toolchain/bin/../lib/gcc/arm-none-eabi/6.3.1/thumb/v6-m\libgcc.a(_ffssi2.o)
 .debug_frame   0x00002660       0x2c c:/program files (x86)/atmel/studio/7.0/toolchain/arm/arm-gnu-toolchain/bin/../lib/gcc/arm-none-eabi/6.3.1/../../../../arm-none-eabi/lib/thumb/v6-m\libc_nano.a(lib_a-init.o)
