Archive member included to satisfy reference by file (symbol)

c:/program files (x86)/atmel/studio/7.0/toolchain/arm/arm-gnu-toolchain/bin/../lib/gcc/arm-none-eabi/6.3.1/../../../../arm-none-eabi/lib/thumb/v6-m\libm.a(lib_a-s_round.o)
                              main.o (round)
c:/program files (x86)/atmel/studio/7.0/toolchain/arm/arm-gnu-toolchain/bin/../lib/gcc/arm-none-eabi/6.3.1/thumb/v6-m\libgcc.a(_udivsi3.o)
                              hal/src/hal_flash.o (__aeabi_uidiv)
c:/program files (x86)/atmel/studio/7.0/toolchain/arm/arm-gnu-toolchain/bin/../lib/gcc/arm-none-eabi/6.3.1/thumb/v6-m\libgcc.a(_divsi3.o)
                              display.o (__aeabi_idiv)
c:/program files (x86)/atmel/studio/7.0/toolchain/arm/arm-gnu-toolchain/bin/../lib/gcc/arm-none-eabi/6.3.1/thumb/v6-m\libgcc.a(_dvmd_tls.o)
                              c:/program files (x86)/atmel/studio/7.0/toolchain/arm/arm-gnu-toolchain/bin/../lib/gcc/arm-none-eabi/6.3.1/thumb/v6-m\libgcc.a(_udivsi3.o) (__aeabi_idiv0)
c:/program files (x86)/atmel/studio/7.0/toolchain/arm/arm-gnu-toolchain/bin/../lib/gcc/arm-none-eabi/6.3.1/thumb/v6-m\libgcc.a(_aeabi_ldivmod.o)
                              hv_dc_supply.o (__aeabi_ldivmod)
c:/program files (x86)/atmel/studio/7.0/toolchain/arm/arm-gnu-toolchain/bin/../lib/gcc/arm-none-eabi/6.3.1/thumb/v6-m\libgcc.a(_muldi3.o)
                              hv_dc_supply.o (__aeabi_lmul)
c:/program files (x86)/atmel/studio/7.0/toolchain/arm/arm-gnu-toolchain/bin/../lib/gcc/arm-none-eabi/6.3.1/thumb/v6-m\libgcc.a(_ffssi2.o)
                              hpl/eic/hpl_eic.o (__ffssi2)
c:/program files (x86)/atmel/studio/7.0/toolchain/arm/arm-gnu-toolchain/bin/../lib/gcc/arm-none-eabi/6.3.1/thumb/v6-m\libgcc.a(_fixunssfsi.o)
                              main.o (__aeabi_f2uiz)
c:/program files (x86)/atmel/studio/7.0/toolchain/arm/arm-gnu-toolchain/bin/../lib/gcc/arm-none-eabi/6.3.1/thumb/v6-m\libgcc.a(_fixunsdfsi.o)
                              hv_dc_supply.o (__aeabi_d2uiz)
c:/program files (x86)/atmel/studio/7.0/toolchain/arm/arm-gnu-toolchain/bin/../lib/gcc/arm-none-eabi/6.3.1/thumb/v6-m\libgcc.a(bpabi.o)
                              c:/program files (x86)/atmel/studio/7.0/toolchain/arm/arm-gnu-toolchain/bin/../lib/gcc/arm-none-eabi/6.3.1/thumb/v6-m\libgcc.a(_aeabi_ldivmod.o) (__gnu_ldivmod_helper)
c:/program files (x86)/atmel/studio/7.0/toolchain/arm/arm-gnu-toolchain/bin/../lib/gcc/arm-none-eabi/6.3.1/thumb/v6-m\libgcc.a(mulsf3.o)
                              main.o (__aeabi_fmul)
c:/program files (x86)/atmel/studio/7.0/toolchain/arm/arm-gnu-toolchain/bin/../lib/gcc/arm-none-eabi/6.3.1/thumb/v6-m\libgcc.a(subsf3.o)
                              c:/program files (x86)/atmel/studio/7.0/toolchain/arm/arm-gnu-toolchain/bin/../lib/gcc/arm-none-eabi/6.3.1/thumb/v6-m\libgcc.a(_fixunssfsi.o) (__aeabi_fsub)
c:/program files (x86)/atmel/studio/7.0/toolchain/arm/arm-gnu-toolchain/bin/../lib/gcc/arm-none-eabi/6.3.1/thumb/v6-m\libgcc.a(fixsfsi.o)
                              c:/program files (x86)/atmel/studio/7.0/toolchain/arm/arm-gnu-toolchain/bin/../lib/gcc/arm-none-eabi/6.3.1/thumb/v6-m\libgcc.a(_fixunssfsi.o) (__aeabi_f2iz)
c:/program files (x86)/atmel/studio/7.0/toolchain/arm/arm-gnu-toolchain/bin/../lib/gcc/arm-none-eabi/6.3.1/thumb/v6-m\libgcc.a(floatunsisf.o)
                              hv_dc_supply.o (__aeabi_ui2f)
c:/program files (x86)/atmel/studio/7.0/toolchain/arm/arm-gnu-toolchain/bin/../lib/gcc/arm-none-eabi/6.3.1/thumb/v6-m\libgcc.a(adddf3.o)
                              hv_dc_supply.o (__aeabi_dadd)
c:/program files (x86)/atmel/studio/7.0/toolchain/arm/arm-gnu-toolchain/bin/../lib/gcc/arm-none-eabi/6.3.1/thumb/v6-m\libgcc.a(divdf3.o)
                              hv_dc_supply.o (__aeabi_ddiv)
c:/program files (x86)/atmel/studio/7.0/toolchain/arm/arm-gnu-toolchain/bin/../lib/gcc/arm-none-eabi/6.3.1/thumb/v6-m\libgcc.a(muldf3.o)
                              hv_dc_supply.o (__aeabi_dmul)
c:/program files (x86)/atmel/studio/7.0/toolchain/arm/arm-gnu-toolchain/bin/../lib/gcc/arm-none-eabi/6.3.1/thumb/v6-m\libgcc.a(subdf3.o)
                              hv_dc_supply.o (__aeabi_dsub)
c:/program files (x86)/atmel/studio/7.0/toolchain/arm/arm-gnu-toolchain/bin/../lib/gcc/arm-none-eabi/6.3.1/thumb/v6-m\libgcc.a(fixdfsi.o)
                              c:/program files (x86)/atmel/studio/7.0/toolchain/arm/arm-gnu-toolchain/bin/../lib/gcc/arm-none-eabi/6.3.1/thumb/v6-m\libgcc.a(_fixunsdfsi.o) (__aeabi_d2iz)
c:/program files (x86)/atmel/studio/7.0/toolchain/arm/arm-gnu-toolchain/bin/../lib/gcc/arm-none-eabi/6.3.1/thumb/v6-m\libgcc.a(extendsfdf2.o)
                              hv_dc_supply.o (__aeabi_f2d)
c:/program files (x86)/atmel/studio/7.0/toolchain/arm/arm-gnu-toolchain/bin/../lib/gcc/arm-none-eabi/6.3.1/thumb/v6-m\libgcc.a(truncdfsf2.o)
                              hv_dc_supply.o (__aeabi_d2f)
[...]
Memory Configuration

Name             Origin             Length             Attributes
rom              0x00000000         0x00008000         xr
ram              0x20000000         0x00001000         xrw
*default*        0x00000000         0xffffffff

Linker script and memory map

LOAD c:/program files (x86)/atmel/studio/7.0/toolchain/arm/arm-gnu-toolchain/bin/../lib/gcc/arm-none-eabi/6.3.1/thumb/v6-m/crti.o
LOAD c:/program files (x86)/atmel/studio/7.0/toolchain/arm/arm-gnu-toolchain/bin/../lib/gcc/arm-none-eabi/6.3.1/thumb/v6-m/crtbegin.o
LOAD c:/program files (x86)/atmel/studio/7.0/toolchain/arm/arm-gnu-toolchain/bin/../lib/gcc/arm-none-eabi/6.3.1/../../../../arm-none-eabi/lib/thumb/v6-m/crt0.o
LOAD ac_util.o
LOAD adc/hal_adc_async.o
LOAD adc/hpl_adc.o
LOAD adc_lite.o
LOAD adc_util.o
LOAD atmel_start.o
LOAD Device_Startup/startup_samd21.o
LOAD Device_Startup/system_samd21.o
LOAD dip_switch.o
LOAD display.o
LOAD dmx.o
LOAD driver_init.o
LOAD examples/driver_examples.o
LOAD hal/src/hal_ac_async.o
LOAD hal/src/hal_atomic.o
LOAD hal/src/hal_dac_sync.o
LOAD hal/src/hal_delay.o
LOAD hal/src/hal_evsys.o
LOAD hal/src/hal_ext_irq.o
LOAD hal/src/hal_flash.o
LOAD hal/src/hal_gpio.o
LOAD hal/src/hal_init.o
LOAD hal/src/hal_io.o
LOAD hal/src/hal_sleep.o
LOAD hal/utils/src/utils_assert.o
LOAD hal/utils/src/utils_event.o
LOAD hal/utils/src/utils_list.o
LOAD hal/utils/src/utils_ringbuffer.o
LOAD hal/utils/src/utils_syscalls.o
LOAD hpl/ac/hpl_ac.o
LOAD hpl/core/hpl_core_m0plus_base.o
LOAD hpl/core/hpl_init.o
LOAD hpl/dac/hpl_dac.o
LOAD hpl/dmac/hpl_dmac.o
LOAD hpl/eic/hpl_eic.o
LOAD hpl/evsys/hpl_evsys.o
LOAD hpl/gclk/hpl_gclk.o
LOAD hpl/nvmctrl/hpl_nvmctrl.o
LOAD hpl/pm/hpl_pm.o
LOAD hpl/rtc/rtc_lite.o
LOAD hpl/spi/spi_lite.o
LOAD hpl/sysctrl/hpl_sysctrl.o
LOAD hpl/tcc/tcc_lite.o
LOAD hpl/tc/tc_lite.o
LOAD hpl/usart/usart_lite.o
LOAD hv_dc_supply.o
LOAD main.o
LOAD output_channels.o
LOAD sine_wave.o
START GROUP
LOAD c:/program files (x86)/atmel/studio/7.0/toolchain/arm/arm-gnu-toolchain/bin/../lib/gcc/arm-none-eabi/6.3.1/../../../../arm-none-eabi/lib/thumb/v6-m\libm.a
END GROUP
START GROUP
LOAD c:/program files (x86)/atmel/studio/7.0/toolchain/arm/arm-gnu-toolchain/bin/../lib/gcc/arm-none-eabi/6.3.1/thumb/v6-m\libgcc.a
LOAD c:/program files (x86)/atmel/studio/7.0/toolchain/arm/arm-gnu-toolchain/bin/../lib/gcc/arm-none-eabi/6.3.1/../../../../arm-none-eabi/lib/thumb/v6-m\libc_nano.a
END GROUP
START GROUP
LOAD c:/program files (x86)/atmel/studio/7.0/toolchain/arm/arm-gnu-toolchain/bin/../lib/gcc/arm-none-eabi/6.3.1/thumb/v6-m\libgcc.a
LOAD c:/program files (x86)/atmel/studio/7.0/toolchain/arm/arm-gnu-toolchain/bin/../lib/gcc/arm-none-eabi/6.3.1/../../../../arm-none-eabi/lib/thumb/v6-m\libc_nano.a
END GROUP
LOAD c:/program files (x86)/atmel/studio/7.0/toolchain/arm/arm-gnu-toolchain/bin/../lib/gcc/arm-none-eabi/6.3.1/thumb/v6-m/crtend.o
LOAD c:/program files (x86)/atmel/studio/7.0/toolchain/arm/arm-gnu-toolchain/bin/../lib/gcc/arm-none-eabi/6.3.1/thumb/v6-m/crtn.o
                0x00000400                STACK_SIZE = DEFINED (STACK_SIZE)?STACK_SIZE:DEFINED (__stack_size__)?__stack_size__:0x400

.text           0x00000000     0x5a4c
                0x00000000                . = ALIGN (0x4)
                0x00000000                _sfixed = .
 *(.vectors .vectors.*)
 .vectors       0x00000000       0xb4 Device_Startup/startup_samd21.o
                0x00000000                exception_table
 *(.text .text.* .gnu.linkonce.t.*)
 .text          0x000000b4       0x60 c:/program files (x86)/atmel/studio/7.0/toolchain/arm/arm-gnu-toolchain/bin/../lib/gcc/arm-none-eabi/6.3.1/thumb/v6-m/crtbegin.o
 .text.adc_async_window_threshold_reached
                0x00000114        0xc adc/hal_adc_async.o
 .text.adc_async_error_occured
                0x00000120        0xc adc/hal_adc_async.o
 .text.adc_async_channel_conversion_done
                0x0000012c       0x60 adc/hal_adc_async.o
 .text.adc_async_init
                0x0000018c       0xb4 adc/hal_adc_async.o
                0x0000018c                adc_async_init
 .text.adc_async_register_channel_buffer
                0x00000240       0xb8 adc/hal_adc_async.o
                0x00000240                adc_async_register_channel_buffer
 .text.adc_async_enable_channel
                0x000002f8       0x40 adc/hal_adc_async.o
                0x000002f8                adc_async_enable_channel
 .text.adc_async_set_inputs
                0x00000338       0x4c adc/hal_adc_async.o
                0x00000338                adc_async_set_inputs
 .text._adc_get_hardware_index
                0x00000384        0x4 adc/hpl_adc.o
 .text._adc_get_regs
                0x00000388       0x40 adc/hpl_adc.o
 .text._adc_init
                0x000003c8      0x108 adc/hpl_adc.o
 .text._adc_async_init
                0x000004d0       0x58 adc/hpl_adc.o
                0x000004d0                _adc_async_init
 .text._adc_async_enable_channel
                0x00000528        0xe adc/hpl_adc.o
                0x00000528                _adc_async_enable_channel
 .text._adc_async_get_data_size
                0x00000536       0x1c adc/hpl_adc.o
                0x00000536                _adc_async_get_data_size
 *fill*         0x00000552        0x2 
 .text._adc_async_set_inputs
                0x00000554       0x38 adc/hpl_adc.o
                0x00000554                _adc_async_set_inputs
 .text.adc_init
                0x0000058c       0xc8 adc_lite.o
                0x0000058c                adc_init
 .text.atmel_start_init
                0x00000654        0xc atmel_start.o
                0x00000654                atmel_start_init
 .text.Dummy_Handler
                0x00000660        0x2 Device_Startup/startup_samd21.o
                0x00000660                SVCall_Handler
                0x00000660                DMAC_Handler
                0x00000660                HardFault_Handler
                0x00000660                PendSV_Handler
                0x00000660                SERCOM1_Handler
                0x00000660                NonMaskableInt_Handler
                0x00000660                SERCOM2_Handler
                0x00000660                WDT_Handler
                0x00000660                USB_Handler
                0x00000660                Dummy_Handler
                0x00000660                PM_Handler
                0x00000660                SERCOM5_Handler
                0x00000660                EVSYS_Handler
                0x00000660                SERCOM4_Handler
                0x00000660                I2S_Handler
                0x00000660                SERCOM0_Handler
                0x00000660                DAC_Handler
                0x00000660                PTC_Handler
                0x00000660                SYSCTRL_Handler
 *fill*         0x00000662        0x2 
 .text.Reset_Handler
                0x00000664       0xc4 Device_Startup/startup_samd21.o
                0x00000664                Reset_Handler
 .text.dip_switch_read_group
                0x00000728       0x40 dip_switch.o
                0x00000728                dip_switch_read_group
 .text.dip_switch_data_read
                0x00000768       0x84 dip_switch.o
                0x00000768                dip_switch_data_read
 .text.dip_switch_comparison_ready
                0x000007ec       0x74 dip_switch.o
                0x000007ec                dip_switch_comparison_ready
 .text.dip_switch_init
                0x00000860       0xa8 dip_switch.o
                0x00000860                dip_switch_init
 .text.RTC_Handler
                0x00000908       0x28 dip_switch.o
                0x00000908                RTC_Handler
 .text.display_init
                0x00000930       0x3c display.o
                0x00000930                display_init
 .text.display_update_base
                0x0000096c       0x6c display.o
                0x0000096c                display_update_base
 .text.display_update
                0x000009d8       0x10 display.o
                0x000009d8                display_update
 .text.display_render
                0x000009e8       0x98 display.o
                0x000009e8                display_render
 .text.SERCOM3_Handler
                0x00000a80       0x9c dmx.o
                0x00000a80                SERCOM3_Handler
 .text.dmx_set_address
                0x00000b1c        0xc dmx.o
                0x00000b1c                dmx_set_address
 .text.dmx_init
                0x00000b28       0x34 dmx.o
                0x00000b28                dmx_init
 .text.EXTERNAL_IRQ_0_init
                0x00000b5c      0x130 driver_init.o
                0x00000b5c                EXTERNAL_IRQ_0_init
 .text.FLASH_0_CLOCK_init
                0x00000c8c       0x10 driver_init.o
                0x00000c8c                FLASH_0_CLOCK_init
 .text.FLASH_0_init
                0x00000c9c       0x20 driver_init.o
                0x00000c9c                FLASH_0_init
 .text.USART_0_CLOCK_init
                0x00000cbc       0x20 driver_init.o
                0x00000cbc                USART_0_CLOCK_init
 .text.USART_0_PORT_init
                0x00000cdc       0x44 driver_init.o
                0x00000cdc                USART_0_PORT_init
 .text.SPI_0_PORT_init
                0x00000d20       0xd4 driver_init.o
                0x00000d20                SPI_0_PORT_init
 .text.SPI_0_CLOCK_init
                0x00000df4       0x20 driver_init.o
                0x00000df4                SPI_0_CLOCK_init
 .text.TIMER_8_CLOCK_init
                0x00000e14       0x20 driver_init.o
                0x00000e14                TIMER_8_CLOCK_init
 .text.TIMER_3_CLOCK_init
                0x00000e34       0x20 driver_init.o
                0x00000e34                TIMER_3_CLOCK_init
 .text.TIMER_5_CLOCK_init
                0x00000e54       0x20 driver_init.o
                0x00000e54                TIMER_5_CLOCK_init
 .text.TIMER_6_CLOCK_init
                0x00000e74       0x20 driver_init.o
                0x00000e74                TIMER_6_CLOCK_init
 .text.TIMER_4_CLOCK_init
                0x00000e94       0x20 driver_init.o
                0x00000e94                TIMER_4_CLOCK_init
 .text.TIMER_7_CLOCK_init
                0x00000eb4       0x20 driver_init.o
                0x00000eb4                TIMER_7_CLOCK_init
 .text.AC_0_PORT_init
                0x00000ed4       0xa0 driver_init.o
                0x00000ed4                AC_0_PORT_init
 .text.AC_0_CLOCK_init
                0x00000f74       0x28 driver_init.o
                0x00000f74                AC_0_CLOCK_init
 .text.AC_0_init
                0x00000f9c       0x28 driver_init.o
                0x00000f9c                AC_0_init
 .text.DAC_0_CLOCK_init
                0x00000fc4       0x20 driver_init.o
                0x00000fc4                DAC_0_CLOCK_init
 .text.DAC_0_init
                0x00000fe4       0x20 driver_init.o
                0x00000fe4                DAC_0_init
 .text.EVENT_SYSTEM_0_init
                0x00001004       0x28 driver_init.o
                0x00001004                EVENT_SYSTEM_0_init
 .text.TIMER_1_CLOCK_init
                0x0000102c       0x20 driver_init.o
                0x0000102c                TIMER_1_CLOCK_init
 .text.TIMER_0_CLOCK_init
                0x0000104c       0x20 driver_init.o
                0x0000104c                TIMER_0_CLOCK_init
 .text.TIMER_2_CLOCK_init
                0x0000106c       0x20 driver_init.o
                0x0000106c                TIMER_2_CLOCK_init
 .text.system_init
                0x0000108c      0x2d0 driver_init.o
                0x0000108c                system_init
 .text.ac_async_comparison_ready
                0x0000135c        0xc hal/src/hal_ac_async.o
 .text.ac_async_init
                0x00001368       0x44 hal/src/hal_ac_async.o
                0x00001368                ac_async_init
 .text.ac_async_enable
                0x000013ac       0x28 hal/src/hal_ac_async.o
                0x000013ac                ac_async_enable
 .text.ac_async_register_callback
                0x000013d4       0x30 hal/src/hal_ac_async.o
                0x000013d4                ac_async_register_callback
 .text.dac_sync_init
                0x00001404       0x50 hal/src/hal_dac_sync.o
                0x00001404                dac_sync_init
 .text.dac_sync_enable_channel
                0x00001454       0x38 hal/src/hal_dac_sync.o
                0x00001454                dac_sync_enable_channel
 .text.dac_sync_write
                0x0000148c       0x9c hal/src/hal_dac_sync.o
                0x0000148c                dac_sync_write
 .text.event_system_init
                0x00001528        0xc hal/src/hal_evsys.o
                0x00001528                event_system_init
 .text.process_ext_irq
                0x00001534       0x44 hal/src/hal_ext_irq.o
 .text.ext_irq_init
                0x00001578       0x34 hal/src/hal_ext_irq.o
                0x00001578                ext_irq_init
 .text.ext_irq_register
                0x000015ac       0xe8 hal/src/hal_ext_irq.o
                0x000015ac                ext_irq_register
 .text.flash_ready
                0x00001694        0xc hal/src/hal_flash.o
 .text.flash_error
                0x000016a0        0xc hal/src/hal_flash.o
 .text.flash_init
                0x000016ac       0x4c hal/src/hal_flash.o
                0x000016ac                flash_init
 .text.assert   0x000016f8        0x8 hal/utils/src/utils_assert.o
                0x000016f8                assert
 .text.ringbuffer_init
                0x00001700       0x4c hal/utils/src/utils_ringbuffer.o
                0x00001700                ringbuffer_init
 .text.ringbuffer_put
                0x0000174c       0x40 hal/utils/src/utils_ringbuffer.o
                0x0000174c                ringbuffer_put
 .text._ac_init_irq_param
                0x0000178c       0x18 hpl/ac/hpl_ac.o
 .text._get_ac_cfg
                0x000017a4       0x2c hpl/ac/hpl_ac.o
 .text._ac_init
                0x000017d0       0x94 hpl/ac/hpl_ac.o
 .text._ac_async_init
                0x00001864       0xb4 hpl/ac/hpl_ac.o
                0x00001864                _ac_async_init
 .text._ac_async_enable
                0x00001918       0x14 hpl/ac/hpl_ac.o
                0x00001918                _ac_async_enable
 .text.AC_Handler
                0x0000192c       0x44 hpl/ac/hpl_ac.o
                0x0000192c                AC_Handler
 .text._init_chip
                0x00001970       0x38 hpl/core/hpl_init.o
                0x00001970                _init_chip
 .text._dac_init
                0x000019a8       0x44 hpl/dac/hpl_dac.o
 .text._dac_sync_init
                0x000019ec       0x2c hpl/dac/hpl_dac.o
                0x000019ec                _dac_sync_init
 .text._dac_sync_enable_channel
                0x00001a18       0x14 hpl/dac/hpl_dac.o
                0x00001a18                _dac_sync_enable_channel
 .text._dac_sync_is_channel_enable
                0x00001a2c       0x12 hpl/dac/hpl_dac.o
                0x00001a2c                _dac_sync_is_channel_enable
 .text._dac_sync_write_data
                0x00001a3e        0xc hpl/dac/hpl_dac.o
                0x00001a3e                _dac_sync_write_data
 *fill*         0x00001a4a        0x2 
 .text._ext_irq_init
                0x00001a4c       0x9c hpl/eic/hpl_eic.o
                0x00001a4c                _ext_irq_init
 .text._ext_irq_enable
                0x00001ae8       0x54 hpl/eic/hpl_eic.o
                0x00001ae8                _ext_irq_enable
 .text.EIC_Handler
                0x00001b3c       0xbc hpl/eic/hpl_eic.o
                0x00001b3c                EIC_Handler
 .text._event_system_init
                0x00001bf8       0x44 hpl/evsys/hpl_evsys.o
                0x00001bf8                _event_system_init
 .text._gclk_init_generators_by_fref
                0x00001c3c       0x5c hpl/gclk/hpl_gclk.o
                0x00001c3c                _gclk_init_generators_by_fref
 .text._is_valid_rww_flash_address
                0x00001c98       0x1c hpl/nvmctrl/hpl_nvmctrl.o
 .text._flash_init
                0x00001cb4       0x60 hpl/nvmctrl/hpl_nvmctrl.o
                0x00001cb4                _flash_init
 .text._flash_read
                0x00001d14       0x4c hpl/nvmctrl/hpl_nvmctrl.o
                0x00001d14                _flash_read
 .text.NVMCTRL_Handler
                0x00001d60       0x30 hpl/nvmctrl/hpl_nvmctrl.o
                0x00001d60                NVMCTRL_Handler
 .text._rww_flash_read
                0x00001d90       0x44 hpl/nvmctrl/hpl_nvmctrl.o
                0x00001d90                _rww_flash_read
 .text._pm_init
                0x00001dd4       0x20 hpl/pm/hpl_pm.o
                0x00001dd4                _pm_init
 .text.TIMER_8_init
                0x00001df4       0x78 hpl/rtc/rtc_lite.o
                0x00001df4                TIMER_8_init
 .text.SPI_0_init
                0x00001e6c       0xbc hpl/spi/spi_lite.o
                0x00001e6c                SPI_0_init
 .text.SPI_0_enable
                0x00001f28       0x18 hpl/spi/spi_lite.o
                0x00001f28                SPI_0_enable
 .text.SPI_0_exchange_block
                0x00001f40       0x28 hpl/spi/spi_lite.o
                0x00001f40                SPI_0_exchange_block
 .text._sysctrl_init_sources
                0x00001f68       0x5c hpl/sysctrl/hpl_sysctrl.o
                0x00001f68                _sysctrl_init_sources
 .text._sysctrl_init_referenced_generators
                0x00001fc4       0x88 hpl/sysctrl/hpl_sysctrl.o
                0x00001fc4                _sysctrl_init_referenced_generators
 .text.TIMER_1_init
                0x0000204c       0xd4 hpl/tcc/tcc_lite.o
                0x0000204c                TIMER_1_init
 .text.TIMER_0_init
                0x00002120       0x84 hpl/tcc/tcc_lite.o
                0x00002120                TIMER_0_init
 .text.TIMER_2_init
                0x000021a4       0xb0 hpl/tcc/tcc_lite.o
                0x000021a4                TIMER_2_init
 .text.TIMER_3_init
                0x00002254       0x5c hpl/tc/tc_lite.o
                0x00002254                TIMER_3_init
 .text.TIMER_5_init
                0x000022b0       0x5c hpl/tc/tc_lite.o
                0x000022b0                TIMER_5_init
 .text.TIMER_6_init
                0x0000230c       0x5c hpl/tc/tc_lite.o
                0x0000230c                TIMER_6_init
 .text.TIMER_4_init
                0x00002368       0x5c hpl/tc/tc_lite.o
                0x00002368                TIMER_4_init
 .text.TIMER_7_init
                0x000023c4       0x5c hpl/tc/tc_lite.o
                0x000023c4                TIMER_7_init
 .text.USART_0_init
                0x00002420       0xcc hpl/usart/usart_lite.o
                0x00002420                USART_0_init
 .text.hv_dc_supply_cancel
                0x000024ec       0x3c hv_dc_supply.o
                0x000024ec                hv_dc_supply_cancel
 .text.ADC_Handler
                0x00002528      0x254 hv_dc_supply.o
                0x00002528                ADC_Handler
 .text.TCC1_Handler
                0x0000277c       0xc0 hv_dc_supply.o
                0x0000277c                TCC1_Handler
 .text.hv_dc_supply_power_pulse
                0x0000283c       0x28 hv_dc_supply.o
                0x0000283c                hv_dc_supply_power_pulse
 .text.hv_dc_supply_enable_adc
                0x00002864       0x90 hv_dc_supply.o
                0x00002864                hv_dc_supply_enable_adc
 .text.hv_dc_supply_init_timer
                0x000028f4      0x130 hv_dc_supply.o
                0x000028f4                hv_dc_supply_init_timer
 .text.hv_dc_supply_init
                0x00002a24       0x1c hv_dc_supply.o
                0x00002a24                hv_dc_supply_init
 .text.hv_dc_supply_get_voltage
                0x00002a40       0x60 hv_dc_supply.o
                0x00002a40                hv_dc_supply_get_voltage
 .text.btn3_pressed
                0x00002aa0        0xc main.o
                0x00002aa0                btn3_pressed
 .text.btn1_pressed
                0x00002aac        0xc main.o
                0x00002aac                btn1_pressed
 .text.btn2_pressed
                0x00002ab8       0x38 main.o
                0x00002ab8                btn2_pressed
 .text.dip_switch_data_ready
                0x00002af0       0x10 main.o
                0x00002af0                dip_switch_data_ready
 .text.dmx_received
                0x00002b00       0x6c main.o
                0x00002b00                dmx_received
 .text.SysTick_Handler
                0x00002b6c       0x60 main.o
                0x00002b6c                SysTick_Handler
 .text.init     0x00002bcc       0xc4 main.o
                0x00002bcc                init
 .text.main     0x00002c90       0x14 main.o
                0x00002c90                main
 .text.output_channels_init_pins
                0x00002ca4       0x8c output_channels.o
                0x00002ca4                output_channels_init_pins
 .text.output_channels_init_1_and_2
                0x00002d30       0xdc output_channels.o
                0x00002d30                output_channels_init_1_and_2
 .text.output_channels_init_3
                0x00002e0c       0xa8 output_channels.o
                0x00002e0c                output_channels_init_3
 .text.output_channels_init_tc
                0x00002eb4      0x1c4 output_channels.o
                0x00002eb4                output_channels_init_tc
 .text.output_channels_init_4_5_6_7_8
                0x00003078       0xa4 output_channels.o
                0x00003078                output_channels_init_4_5_6_7_8
 .text.TCC0_Handler
                0x0000311c       0xcc output_channels.o
                0x0000311c                TCC0_Handler
 .text.TCC2_Handler
                0x000031e8       0x7c output_channels.o
                0x000031e8                TCC2_Handler
 .text.TC3_Handler
                0x00003264       0x80 output_channels.o
                0x00003264                TC3_Handler
 .text.TC6_Handler
                0x000032e4       0x80 output_channels.o
                0x000032e4                TC6_Handler
 .text.TC4_Handler
                0x00003364       0x88 output_channels.o
                0x00003364                TC4_Handler
 .text.TC5_Handler
                0x000033ec       0x88 output_channels.o
                0x000033ec                TC5_Handler
 .text.TC7_Handler
                0x00003474       0x88 output_channels.o
                0x00003474                TC7_Handler
 .text.output_channels_init
                0x000034fc       0x1c output_channels.o
                0x000034fc                output_channels_init
 .text.round    0x00003518       0xac c:/program files (x86)/atmel/studio/7.0/toolchain/arm/arm-gnu-toolchain/bin/../lib/gcc/arm-none-eabi/6.3.1/../../../../arm-none-eabi/lib/thumb/v6-m\libm.a(lib_a-s_round.o)
                0x00003518                round
 .text          0x000035c4      0x114 c:/program files (x86)/atmel/studio/7.0/toolchain/arm/arm-gnu-toolchain/bin/../lib/gcc/arm-none-eabi/6.3.1/thumb/v6-m\libgcc.a(_udivsi3.o)
                0x000035c4                __aeabi_uidiv
                0x000035c4                __udivsi3
                0x000036d0                __aeabi_uidivmod
 .text          0x000036d8      0x1d4 c:/program files (x86)/atmel/studio/7.0/toolchain/arm/arm-gnu-toolchain/bin/../lib/gcc/arm-none-eabi/6.3.1/thumb/v6-m\libgcc.a(_divsi3.o)
                0x000036d8                __divsi3
                0x000036d8                __aeabi_idiv
                0x000038a4                __aeabi_idivmod
 .text          0x000038ac        0x4 c:/program files (x86)/atmel/studio/7.0/toolchain/arm/arm-gnu-toolchain/bin/../lib/gcc/arm-none-eabi/6.3.1/thumb/v6-m\libgcc.a(_dvmd_tls.o)
                0x000038ac                __aeabi_idiv0
                0x000038ac                __aeabi_ldiv0
 .text          0x000038b0       0x48 c:/program files (x86)/atmel/studio/7.0/toolchain/arm/arm-gnu-toolchain/bin/../lib/gcc/arm-none-eabi/6.3.1/thumb/v6-m\libgcc.a(_aeabi_ldivmod.o)
                0x000038b0                __aeabi_ldivmod
 .text          0x000038f8       0x54 c:/program files (x86)/atmel/studio/7.0/toolchain/arm/arm-gnu-toolchain/bin/../lib/gcc/arm-none-eabi/6.3.1/thumb/v6-m\libgcc.a(_muldi3.o)
                0x000038f8                __muldi3
                0x000038f8                __aeabi_lmul
 .text          0x0000394c       0x14 c:/program files (x86)/atmel/studio/7.0/toolchain/arm/arm-gnu-toolchain/bin/../lib/gcc/arm-none-eabi/6.3.1/thumb/v6-m\libgcc.a(_ffssi2.o)
                0x0000394c                __ffssi2
 .text          0x00003960       0x30 c:/program files (x86)/atmel/studio/7.0/toolchain/arm/arm-gnu-toolchain/bin/../lib/gcc/arm-none-eabi/6.3.1/thumb/v6-m\libgcc.a(_fixunssfsi.o)
                0x00003960                __fixunssfsi
                0x00003960                __aeabi_f2uiz
 .text          0x00003990       0x38 c:/program files (x86)/atmel/studio/7.0/toolchain/arm/arm-gnu-toolchain/bin/../lib/gcc/arm-none-eabi/6.3.1/thumb/v6-m\libgcc.a(bpabi.o)
                0x00003990                __gnu_ldivmod_helper
 .text          0x000039c8      0x240 c:/program files (x86)/atmel/studio/7.0/toolchain/arm/arm-gnu-toolchain/bin/../lib/gcc/arm-none-eabi/6.3.1/thumb/v6-m\libgcc.a(mulsf3.o)
                0x000039c8                __aeabi_fmul
 .text          0x00003c08      0x338 c:/program files (x86)/atmel/studio/7.0/toolchain/arm/arm-gnu-toolchain/bin/../lib/gcc/arm-none-eabi/6.3.1/thumb/v6-m\libgcc.a(subsf3.o)
                0x00003c08                __aeabi_fsub
 .text          0x00003f40       0x40 c:/program files (x86)/atmel/studio/7.0/toolchain/arm/arm-gnu-toolchain/bin/../lib/gcc/arm-none-eabi/6.3.1/thumb/v6-m\libgcc.a(fixsfsi.o)
                0x00003f40                __aeabi_f2iz
 .text          0x00003f80       0x8c c:/program files (x86)/atmel/studio/7.0/toolchain/arm/arm-gnu-toolchain/bin/../lib/gcc/arm-none-eabi/6.3.1/thumb/v6-m\libgcc.a(floatunsisf.o)
                0x00003f80                __aeabi_ui2f
 .text          0x0000400c      0x620 c:/program files (x86)/atmel/studio/7.0/toolchain/arm/arm-gnu-toolchain/bin/../lib/gcc/arm-none-eabi/6.3.1/thumb/v6-m\libgcc.a(adddf3.o)
                0x0000400c                __aeabi_dadd
 .text          0x0000462c      0x500 c:/program files (x86)/atmel/studio/7.0/toolchain/arm/arm-gnu-toolchain/bin/../lib/gcc/arm-none-eabi/6.3.1/thumb/v6-m\libgcc.a(muldf3.o)
                0x0000462c                __aeabi_dmul
 .text          0x00004b2c      0x62c c:/program files (x86)/atmel/studio/7.0/toolchain/arm/arm-gnu-toolchain/bin/../lib/gcc/arm-none-eabi/6.3.1/thumb/v6-m\libgcc.a(subdf3.o)
                0x00004b2c                __aeabi_dsub
 .text          0x00005158       0xa4 c:/program files (x86)/atmel/studio/7.0/toolchain/arm/arm-gnu-toolchain/bin/../lib/gcc/arm-none-eabi/6.3.1/thumb/v6-m\libgcc.a(extendsfdf2.o)
                0x00005158                __aeabi_f2d
 .text          0x000051fc      0x114 c:/program files (x86)/atmel/studio/7.0/toolchain/arm/arm-gnu-toolchain/bin/../lib/gcc/arm-none-eabi/6.3.1/thumb/v6-m\libgcc.a(truncdfsf2.o)
                0x000051fc                __aeabi_d2f
 .text          0x00005310       0x74 c:/program files (x86)/atmel/studio/7.0/toolchain/arm/arm-gnu-toolchain/bin/../lib/gcc/arm-none-eabi/6.3.1/thumb/v6-m\libgcc.a(_arm_cmpsf2.o)
                0x00005310                __aeabi_cfrcmple
                0x00005318                __aeabi_cfcmpeq
                0x00005318                __aeabi_cfcmple
                0x00005328                __aeabi_fcmpeq
                0x00005334                __aeabi_fcmplt
                0x00005348                __aeabi_fcmple
                0x0000535c                __aeabi_fcmpgt
                0x00005370                __aeabi_fcmpge
 .text          0x00005384       0x3c c:/program files (x86)/atmel/studio/7.0/toolchain/arm/arm-gnu-toolchain/bin/../lib/gcc/arm-none-eabi/6.3.1/thumb/v6-m\libgcc.a(_clzsi2.o)
                0x00005384                __clzsi2
 .text          0x000053c0       0x40 c:/program files (x86)/atmel/studio/7.0/toolchain/arm/arm-gnu-toolchain/bin/../lib/gcc/arm-none-eabi/6.3.1/thumb/v6-m\libgcc.a(_ctzsi2.o)
                0x000053c0                __ctzsi2
 .text          0x00005400      0x1b8 c:/program files (x86)/atmel/studio/7.0/toolchain/arm/arm-gnu-toolchain/bin/../lib/gcc/arm-none-eabi/6.3.1/thumb/v6-m\libgcc.a(_divdi3.o)
                0x00005400                __divdi3
 .text          0x000055b8       0x4c c:/program files (x86)/atmel/studio/7.0/toolchain/arm/arm-gnu-toolchain/bin/../lib/gcc/arm-none-eabi/6.3.1/thumb/v6-m\libgcc.a(eqsf2.o)
                0x000055b8                __eqsf2
                0x000055b8                __nesf2
 .text          0x00005604       0x80 c:/program files (x86)/atmel/studio/7.0/toolchain/arm/arm-gnu-toolchain/bin/../lib/gcc/arm-none-eabi/6.3.1/thumb/v6-m\libgcc.a(gesf2.o)
                0x00005604                __gesf2
                0x00005604                __gtsf2
 .text          0x00005684       0x84 c:/program files (x86)/atmel/studio/7.0/toolchain/arm/arm-gnu-toolchain/bin/../lib/gcc/arm-none-eabi/6.3.1/thumb/v6-m\libgcc.a(lesf2.o)
                0x00005684                __ltsf2
                0x00005684                __lesf2
 .text          0x00005708       0x18 c:/program files (x86)/atmel/studio/7.0/toolchain/arm/arm-gnu-toolchain/bin/../lib/gcc/arm-none-eabi/6.3.1/thumb/v6-m\libgcc.a(_clzdi2.o)
                0x00005708                __clzdi2
 .text.__libc_init_array
                0x00005720       0x48 c:/program files (x86)/atmel/studio/7.0/toolchain/arm/arm-gnu-toolchain/bin/../lib/gcc/arm-none-eabi/6.3.1/../../../../arm-none-eabi/lib/thumb/v6-m\libc_nano.a(lib_a-init.o)
                0x00005720                __libc_init_array
 *(.glue_7t)
 .glue_7t       0x00005768        0x0 linker stubs
 *(.glue_7)
 .glue_7        0x00005768        0x0 linker stubs
 *(.rodata .rodata* .gnu.linkonce.r.*)
 .rodata.str1.4
                0x00005768       0x17 adc/hal_adc_async.o
 *fill*         0x0000577f        0x1 
 .rodata        0x00005780       0x1c adc/hpl_adc.o
 .rodata.str1.4
                0x0000579c       0x11 adc/hpl_adc.o
 *fill*         0x000057ad        0x3 
 .rodata        0x000057b0       0x20 dip_switch.o
                0x000057b0                DIP_SWITCH_THRESHOLDS
 .rodata        0x000057d0       0x60 display.o
                0x000057d0                DISPLAY_VALUES_OUTER
                0x000057f8                DISPLAY_VALUES_INNER
                0x00005820                DISPLAY_SEGMENTS
 .rodata.str1.4
                0x00005830       0x1a hal/src/hal_ac_async.o
 *fill*         0x0000584a        0x2 
 .rodata.str1.4
                0x0000584c       0x1a hal/src/hal_dac_sync.o
 *fill*         0x00005866        0x2 
 .rodata.str1.4
                0x00005868       0x17 hal/src/hal_flash.o
 *fill*         0x0000587f        0x1 
 .rodata.str1.4
                0x00005880       0x24 hal/utils/src/utils_ringbuffer.o
 .rodata        0x000058a4       0x14 hpl/ac/hpl_ac.o
 .rodata.str1.4
                0x000058b8       0x13 hpl/ac/hpl_ac.o
 *fill*         0x000058cb        0x1 
 .rodata.str1.4
                0x000058cc       0x15 hpl/dac/hpl_dac.o
 *fill*         0x000058e1        0x3 
 .rodata        0x000058e4       0x20 hpl/eic/hpl_eic.o
 .rodata.str1.4
                0x00005904       0x15 hpl/eic/hpl_eic.o
 *fill*         0x00005919        0x3 
 .rodata        0x0000591c       0x70 hpl/evsys/hpl_evsys.o
 .rodata.str1.4
                0x0000598c       0x20 hpl/nvmctrl/hpl_nvmctrl.o
                                 0x1d (size before relaxing)
 .rodata        0x000059ac       0x40 c:/program files (x86)/atmel/studio/7.0/toolchain/arm/arm-gnu-toolchain/bin/../lib/gcc/arm-none-eabi/6.3.1/thumb/v6-m\libgcc.a(mulsf3.o)
 .rodata        0x000059ec       0x40 c:/program files (x86)/atmel/studio/7.0/toolchain/arm/arm-gnu-toolchain/bin/../lib/gcc/arm-none-eabi/6.3.1/thumb/v6-m\libgcc.a(muldf3.o)
 *(.ARM.extab* .gnu.linkonce.armextab.*)
                0x00005a2c                . = ALIGN (0x4)
 *(.init)
 .init          0x00005a2c        0x4 c:/program files (x86)/atmel/studio/7.0/toolchain/arm/arm-gnu-toolchain/bin/../lib/gcc/arm-none-eabi/6.3.1/thumb/v6-m/crti.o
                0x00005a2c                _init
 .init          0x00005a30        0x8 c:/program files (x86)/atmel/studio/7.0/toolchain/arm/arm-gnu-toolchain/bin/../lib/gcc/arm-none-eabi/6.3.1/thumb/v6-m/crtn.o
                0x00005a38                . = ALIGN (0x4)
                0x00005a38                __preinit_array_start = .
 *(.preinit_array)
                0x00005a38                __preinit_array_end = .
                0x00005a38                . = ALIGN (0x4)
                0x00005a38                __init_array_start = .
 *(SORT(.init_array.*))
 *(.init_array)
 .init_array    0x00005a38        0x4 c:/program files (x86)/atmel/studio/7.0/toolchain/arm/arm-gnu-toolchain/bin/../lib/gcc/arm-none-eabi/6.3.1/thumb/v6-m/crtbegin.o
                0x00005a3c                __init_array_end = .
                0x00005a3c                . = ALIGN (0x4)
 *crtbegin.o(.ctors)
 *(EXCLUDE_FILE(*crtend.o) .ctors)
 *(SORT(.ctors.*))
 *crtend.o(.ctors)
                0x00005a3c                . = ALIGN (0x4)
 *(.fini)
 .fini          0x00005a3c        0x4 c:/program files (x86)/atmel/studio/7.0/toolchain/arm/arm-gnu-toolchain/bin/../lib/gcc/arm-none-eabi/6.3.1/thumb/v6-m/crti.o
                0x00005a3c                _fini
 .fini          0x00005a40        0x8 c:/program files (x86)/atmel/studio/7.0/toolchain/arm/arm-gnu-toolchain/bin/../lib/gcc/arm-none-eabi/6.3.1/thumb/v6-m/crtn.o
                0x00005a48                . = ALIGN (0x4)
                0x00005a48                __fini_array_start = .
 *(.fini_array)
 .fini_array    0x00005a48        0x4 c:/program files (x86)/atmel/studio/7.0/toolchain/arm/arm-gnu-toolchain/bin/../lib/gcc/arm-none-eabi/6.3.1/thumb/v6-m/crtbegin.o
 *(SORT(.fini_array.*))
                0x00005a4c                __fini_array_end = .
 *crtbegin.o(.dtors)
 *(EXCLUDE_FILE(*crtend.o) .dtors)
 *(SORT(.dtors.*))
 *crtend.o(.dtors)
                0x00005a4c                . = ALIGN (0x4)
                0x00005a4c                _efixed = .
                [!provide]                PROVIDE (__exidx_start, .)

.vfp11_veneer   0x00005a4c        0x0
 .vfp11_veneer  0x00005a4c        0x0 linker stubs

.v4_bx          0x00005a4c        0x0
 .v4_bx         0x00005a4c        0x0 linker stubs

.iplt           0x00005a4c        0x0
 .iplt          0x00005a4c        0x0 c:/program files (x86)/atmel/studio/7.0/toolchain/arm/arm-gnu-toolchain/bin/../lib/gcc/arm-none-eabi/6.3.1/thumb/v6-m/crtbegin.o

.ARM.exidx      0x00005a4c        0x8
 *(.ARM.exidx* .gnu.linkonce.armexidx.*)
 .ARM.exidx     0x00005a4c        0x8 c:/program files (x86)/atmel/studio/7.0/toolchain/arm/arm-gnu-toolchain/bin/../lib/gcc/arm-none-eabi/6.3.1/thumb/v6-m\libgcc.a(_divdi3.o)
                [!provide]                PROVIDE (__exidx_end, .)

.eh_frame       0x00005a54        0x0
 .eh_frame      0x00005a54        0x0 c:/program files (x86)/atmel/studio/7.0/toolchain/arm/arm-gnu-toolchain/bin/../lib/gcc/arm-none-eabi/6.3.1/thumb/v6-m/crtbegin.o

.rel.dyn        0x00005a54        0x0
 .rel.iplt      0x00005a54        0x0 c:/program files (x86)/atmel/studio/7.0/toolchain/arm/arm-gnu-toolchain/bin/../lib/gcc/arm-none-eabi/6.3.1/thumb/v6-m/crtbegin.o

.jcr            0x00005a54        0x0
 .jcr           0x00005a54        0x0 c:/program files (x86)/atmel/studio/7.0/toolchain/arm/arm-gnu-toolchain/bin/../lib/gcc/arm-none-eabi/6.3.1/thumb/v6-m/crtbegin.o

.igot.plt       0x00005a54        0x0
 .igot.plt      0x00005a54        0x0 c:/program files (x86)/atmel/studio/7.0/toolchain/arm/arm-gnu-toolchain/bin/../lib/gcc/arm-none-eabi/6.3.1/thumb/v6-m/crtbegin.o
                0x00005a54                . = ALIGN (0x4)
                0x00005a54                _etext = .

.relocate       0x20000000      0x3f4 load address 0x00005a54
                0x20000000                . = ALIGN (0x4)
                0x20000000                _srelocate = .
 *(.ramfunc .ramfunc.*)
 *(.data .data.*)
 .data          0x20000000        0x4 dip_switch.o
                0x20000000                dip_switch_bit_pos
                0x20000002                dip_switch_dac_data
 .data          0x20000004        0x8 display.o
                0x20000004                display_current_digits
 .data          0x2000000c        0x6 dmx.o
                0x2000000c                dmxNextAddress
                0x2000000e                dmxNextAddress2
                0x20000010                dmxStartAddress
 *fill*         0x20000012        0x6 
 .data          0x20000018       0x74 hv_dc_supply.o
                0x20000018                controller
                0x20000088                hv_dc_supply_period
 .data          0x2000008c       0x60 output_channels.o
                0x2000008c                output_channels_wave_form
 .data          0x200000ec      0x306 sine_wave.o
                0x200000ec                sine_wave_data
                0x200003f4                . = ALIGN (0x4)
 *fill*         0x200003f2        0x2 
                0x200003f4                _erelocate = .

.bss            0x200003f8      0x12c load address 0x00005e50
                0x200003f8                . = ALIGN (0x4)
                0x200003f8                _sbss = .
                0x200003f8                _szero = .
 *(.bss .bss.*)
 .bss           0x200003f8       0x1c c:/program files (x86)/atmel/studio/7.0/toolchain/arm/arm-gnu-toolchain/bin/../lib/gcc/arm-none-eabi/6.3.1/thumb/v6-m/crtbegin.o
 .bss           0x20000414       0x14 adc_lite.o
 .bss           0x20000428        0x4 dip_switch.o
                0x20000428                dip_switch_block
                0x2000042a                dip_switch_data
 .bss           0x2000042c        0x1 display.o
                0x2000042c                display_current_segment
 *fill*         0x2000042d        0x1 
 .bss           0x2000042e        0x2 dmx.o
                0x2000042e                currentChannel
 .bss           0x20000430       0x20 hal/src/hal_ext_irq.o
 .bss           0x20000450        0x4 hpl/ac/hpl_ac.o
 .bss           0x20000454        0x4 hpl/eic/hpl_eic.o
 .bss           0x20000458        0x4 hpl/nvmctrl/hpl_nvmctrl.o
 *fill*         0x2000045c        0x4 
 .bss           0x20000460       0x12 hv_dc_supply.o
                0x20000460                hv_dc_supply_state
                0x20000462                hv_dc_supply_sensed_voltage
                0x20000468                hv_dc_supply_duty_cycle
                0x20000470                hv_dc_supply_counter
 .bss           0x20000472        0x1 main.o
                0x20000472                stepCounter
 *(COMMON)
 *fill*         0x20000473        0x1 
 COMMON         0x20000474       0x44 adc_lite.o
                0x20000474                ADC_0
                0x200004a0                ADC_0_ch
 COMMON         0x200004b8       0x12 dmx.o
                0x200004b8                dmx
 *fill*         0x200004ca        0x2 
 COMMON         0x200004cc       0x3c driver_init.o
                0x200004cc                FLASH_0
                0x200004e8                AC_0
                0x200004fc                DAC_0
 COMMON         0x20000508       0x1a main.o
                0x20000508                prio
                0x2000050c                dmx_buffer
                0x20000520                userSettings
                0x20000524                . = ALIGN (0x4)
 *fill*         0x20000522        0x2 
                0x20000524                _ebss = .
                0x20000524                _ezero = .

.stack          0x20000524      0x404 load address 0x00005f7c
                0x20000528                . = ALIGN (0x8)
 *fill*         0x20000524        0x4 
                0x20000528                _sstack = .
                0x20000928                . = (. + STACK_SIZE)
 *fill*         0x20000528      0x400 
                0x20000928                . = ALIGN (0x8)
                0x20000928                _estack = .
                0x20000928                . = ALIGN (0x4)
                0x20000928                _end = .
OUTPUT(ELController.elf elf32-littlearm)

.ARM.attributes
                0x00000000       0x28
 .ARM.attributes
                0x00000000       0x1e c:/program files (x86)/atmel/studio/7.0/toolchain/arm/arm-gnu-toolchain/bin/../lib/gcc/arm-none-eabi/6.3.1/thumb/v6-m/crti.o
 .ARM.attributes
                0x0000001e       0x2c c:/program files (x86)/atmel/studio/7.0/toolchain/arm/arm-gnu-toolchain/bin/../lib/gcc/arm-none-eabi/6.3.1/thumb/v6-m/crtbegin.o
 .ARM.attributes
                0x0000004a       0x32 adc/hal_adc_async.o
 .ARM.attributes
                0x0000007c       0x32 adc/hpl_adc.o
 .ARM.attributes
                0x000000ae       0x32 adc_lite.o
 .ARM.attributes
                0x000000e0       0x32 atmel_start.o
 .ARM.attributes
                0x00000112       0x32 Device_Startup/startup_samd21.o
 .ARM.attributes
                0x00000144       0x32 dip_switch.o
 .ARM.attributes
                0x00000176       0x32 display.o
 .ARM.attributes
                0x000001a8       0x32 dmx.o
 .ARM.attributes
                0x000001da       0x32 driver_init.o
 .ARM.attributes
                0x0000020c       0x32 hal/src/hal_ac_async.o
 .ARM.attributes
                0x0000023e       0x32 hal/src/hal_dac_sync.o
 .ARM.attributes
                0x00000270       0x32 hal/src/hal_evsys.o
 .ARM.attributes
                0x000002a2       0x32 hal/src/hal_ext_irq.o
 .ARM.attributes
                0x000002d4       0x32 hal/src/hal_flash.o
 .ARM.attributes
                0x00000306       0x32 hal/utils/src/utils_assert.o
 .ARM.attributes
                0x00000338       0x32 hal/utils/src/utils_ringbuffer.o
 .ARM.attributes
                0x0000036a       0x32 hpl/ac/hpl_ac.o
 .ARM.attributes
                0x0000039c       0x32 hpl/core/hpl_init.o
 .ARM.attributes
                0x000003ce       0x32 hpl/dac/hpl_dac.o
 .ARM.attributes
                0x00000400       0x32 hpl/eic/hpl_eic.o
 .ARM.attributes
                0x00000432       0x32 hpl/evsys/hpl_evsys.o
 .ARM.attributes
                0x00000464       0x32 hpl/gclk/hpl_gclk.o
 .ARM.attributes
                0x00000496       0x32 hpl/nvmctrl/hpl_nvmctrl.o
 .ARM.attributes
                0x000004c8       0x32 hpl/pm/hpl_pm.o
 .ARM.attributes
                0x000004fa       0x32 hpl/rtc/rtc_lite.o
 .ARM.attributes
                0x0000052c       0x32 hpl/spi/spi_lite.o
 .ARM.attributes
                0x0000055e       0x32 hpl/sysctrl/hpl_sysctrl.o
 .ARM.attributes
                0x00000590       0x32 hpl/tcc/tcc_lite.o
 .ARM.attributes
                0x000005c2       0x32 hpl/tc/tc_lite.o
 .ARM.attributes
                0x000005f4       0x32 hpl/usart/usart_lite.o
 .ARM.attributes
                0x00000626       0x32 hv_dc_supply.o
 .ARM.attributes
                0x00000658       0x32 main.o
 .ARM.attributes
                0x0000068a       0x32 output_channels.o
 .ARM.attributes
                0x000006bc       0x32 sine_wave.o
 .ARM.attributes
                0x000006ee       0x2c c:/program files (x86)/atmel/studio/7.0/toolchain/arm/arm-gnu-toolchain/bin/../lib/gcc/arm-none-eabi/6.3.1/../../../../arm-none-eabi/lib/thumb/v6-m\libm.a(lib_a-s_round.o)
 .ARM.attributes
                0x0000071a       0x1e c:/program files (x86)/atmel/studio/7.0/toolchain/arm/arm-gnu-toolchain/bin/../lib/gcc/arm-none-eabi/6.3.1/thumb/v6-m\libgcc.a(_udivsi3.o)
 .ARM.attributes
                0x00000738       0x1e c:/program files (x86)/atmel/studio/7.0/toolchain/arm/arm-gnu-toolchain/bin/../lib/gcc/arm-none-eabi/6.3.1/thumb/v6-m\libgcc.a(_divsi3.o)
 .ARM.attributes
                0x00000756       0x1e c:/program files (x86)/atmel/studio/7.0/toolchain/arm/arm-gnu-toolchain/bin/../lib/gcc/arm-none-eabi/6.3.1/thumb/v6-m\libgcc.a(_dvmd_tls.o)
 .ARM.attributes
                0x00000774       0x1e c:/program files (x86)/atmel/studio/7.0/toolchain/arm/arm-gnu-toolchain/bin/../lib/gcc/arm-none-eabi/6.3.1/thumb/v6-m\libgcc.a(_aeabi_ldivmod.o)
 .ARM.attributes
                0x00000792       0x2c c:/program files (x86)/atmel/studio/7.0/toolchain/arm/arm-gnu-toolchain/bin/../lib/gcc/arm-none-eabi/6.3.1/thumb/v6-m\libgcc.a(_muldi3.o)
 .ARM.attributes
                0x000007be       0x2c c:/program files (x86)/atmel/studio/7.0/toolchain/arm/arm-gnu-toolchain/bin/../lib/gcc/arm-none-eabi/6.3.1/thumb/v6-m\libgcc.a(_ffssi2.o)
 .ARM.attributes
                0x000007ea       0x2c c:/program files (x86)/atmel/studio/7.0/toolchain/arm/arm-gnu-toolchain/bin/../lib/gcc/arm-none-eabi/6.3.1/thumb/v6-m\libgcc.a(_fixunssfsi.o)
 .ARM.attributes
                0x00000816       0x2c c:/program files (x86)/atmel/studio/7.0/toolchain/arm/arm-gnu-toolchain/bin/../lib/gcc/arm-none-eabi/6.3.1/thumb/v6-m\libgcc.a(bpabi.o)
 .ARM.attributes
                0x00000842       0x2c c:/program files (x86)/atmel/studio/7.0/toolchain/arm/arm-gnu-toolchain/bin/../lib/gcc/arm-none-eabi/6.3.1/thumb/v6-m\libgcc.a(mulsf3.o)
 .ARM.attributes
                0x0000086e       0x2c c:/program files (x86)/atmel/studio/7.0/toolchain/arm/arm-gnu-toolchain/bin/../lib/gcc/arm-none-eabi/6.3.1/thumb/v6-m\libgcc.a(subsf3.o)
 .ARM.attributes
                0x0000089a       0x2c c:/program files (x86)/atmel/studio/7.0/toolchain/arm/arm-gnu-toolchain/bin/../lib/gcc/arm-none-eabi/6.3.1/thumb/v6-m\libgcc.a(fixsfsi.o)
 .ARM.attributes
                0x000008c6       0x2c c:/program files (x86)/atmel/studio/7.0/toolchain/arm/arm-gnu-toolchain/bin/../lib/gcc/arm-none-eabi/6.3.1/thumb/v6-m\libgcc.a(floatunsisf.o)
 .ARM.attributes
                0x000008f2       0x2c c:/program files (x86)/atmel/studio/7.0/toolchain/arm/arm-gnu-toolchain/bin/../lib/gcc/arm-none-eabi/6.3.1/thumb/v6-m\libgcc.a(adddf3.o)
 .ARM.attributes
                0x0000091e       0x2c c:/program files (x86)/atmel/studio/7.0/toolchain/arm/arm-gnu-toolchain/bin/../lib/gcc/arm-none-eabi/6.3.1/thumb/v6-m\libgcc.a(muldf3.o)
 .ARM.attributes
                0x0000094a       0x2c c:/program files (x86)/atmel/studio/7.0/toolchain/arm/arm-gnu-toolchain/bin/../lib/gcc/arm-none-eabi/6.3.1/thumb/v6-m\libgcc.a(subdf3.o)
 .ARM.attributes
                0x00000976       0x2c c:/program files (x86)/atmel/studio/7.0/toolchain/arm/arm-gnu-toolchain/bin/../lib/gcc/arm-none-eabi/6.3.1/thumb/v6-m\libgcc.a(extendsfdf2.o)
 .ARM.attributes
                0x000009a2       0x2c c:/program files (x86)/atmel/studio/7.0/toolchain/arm/arm-gnu-toolchain/bin/../lib/gcc/arm-none-eabi/6.3.1/thumb/v6-m\libgcc.a(truncdfsf2.o)
 .ARM.attributes
                0x000009ce       0x1e c:/program files (x86)/atmel/studio/7.0/toolchain/arm/arm-gnu-toolchain/bin/../lib/gcc/arm-none-eabi/6.3.1/thumb/v6-m\libgcc.a(_arm_cmpsf2.o)
 .ARM.attributes
                0x000009ec       0x1e c:/program files (x86)/atmel/studio/7.0/toolchain/arm/arm-gnu-toolchain/bin/../lib/gcc/arm-none-eabi/6.3.1/thumb/v6-m\libgcc.a(_clzsi2.o)
 .ARM.attributes
                0x00000a0a       0x1e c:/program files (x86)/atmel/studio/7.0/toolchain/arm/arm-gnu-toolchain/bin/../lib/gcc/arm-none-eabi/6.3.1/thumb/v6-m\libgcc.a(_ctzsi2.o)
 .ARM.attributes
                0x00000a28       0x2c c:/program files (x86)/atmel/studio/7.0/toolchain/arm/arm-gnu-toolchain/bin/../lib/gcc/arm-none-eabi/6.3.1/thumb/v6-m\libgcc.a(_divdi3.o)
 .ARM.attributes
                0x00000a54       0x2c c:/program files (x86)/atmel/studio/7.0/toolchain/arm/arm-gnu-toolchain/bin/../lib/gcc/arm-none-eabi/6.3.1/thumb/v6-m\libgcc.a(eqsf2.o)
 .ARM.attributes
                0x00000a80       0x2c c:/program files (x86)/atmel/studio/7.0/toolchain/arm/arm-gnu-toolchain/bin/../lib/gcc/arm-none-eabi/6.3.1/thumb/v6-m\libgcc.a(gesf2.o)
 .ARM.attributes
                0x00000aac       0x2c c:/program files (x86)/atmel/studio/7.0/toolchain/arm/arm-gnu-toolchain/bin/../lib/gcc/arm-none-eabi/6.3.1/thumb/v6-m\libgcc.a(lesf2.o)
 .ARM.attributes
                0x00000ad8       0x1e c:/program files (x86)/atmel/studio/7.0/toolchain/arm/arm-gnu-toolchain/bin/../lib/gcc/arm-none-eabi/6.3.1/thumb/v6-m\libgcc.a(_clzdi2.o)
 .ARM.attributes
                0x00000af6       0x2c c:/program files (x86)/atmel/studio/7.0/toolchain/arm/arm-gnu-toolchain/bin/../lib/gcc/arm-none-eabi/6.3.1/../../../../arm-none-eabi/lib/thumb/v6-m\libc_nano.a(lib_a-init.o)
 .ARM.attributes
                0x00000b22       0x1e c:/program files (x86)/atmel/studio/7.0/toolchain/arm/arm-gnu-toolchain/bin/../lib/gcc/arm-none-eabi/6.3.1/thumb/v6-m/crtn.o

.comment        0x00000000       0x59
 .comment       0x00000000       0x59 adc/hal_adc_async.o
                                 0x5a (size before relaxing)
 .comment       0x00000059       0x5a adc/hpl_adc.o
 .comment       0x00000059       0x5a adc_lite.o
 .comment       0x00000059       0x5a atmel_start.o
 .comment       0x00000059       0x5a Device_Startup/startup_samd21.o
 .comment       0x00000059       0x5a dip_switch.o
 .comment       0x00000059       0x5a display.o
 .comment       0x00000059       0x5a dmx.o
 .comment       0x00000059       0x5a driver_init.o
 .comment       0x00000059       0x5a hal/src/hal_ac_async.o
 .comment       0x00000059       0x5a hal/src/hal_dac_sync.o
 .comment       0x00000059       0x5a hal/src/hal_evsys.o
 .comment       0x00000059       0x5a hal/src/hal_ext_irq.o
 .comment       0x00000059       0x5a hal/src/hal_flash.o
 .comment       0x00000059       0x5a hal/utils/src/utils_assert.o
 .comment       0x00000059       0x5a hal/utils/src/utils_ringbuffer.o
 .comment       0x00000059       0x5a hpl/ac/hpl_ac.o
 .comment       0x00000059       0x5a hpl/core/hpl_init.o
 .comment       0x00000059       0x5a hpl/dac/hpl_dac.o
 .comment       0x00000059       0x5a hpl/eic/hpl_eic.o
 .comment       0x00000059       0x5a hpl/evsys/hpl_evsys.o
 .comment       0x00000059       0x5a hpl/gclk/hpl_gclk.o
 .comment       0x00000059       0x5a hpl/nvmctrl/hpl_nvmctrl.o
 .comment       0x00000059       0x5a hpl/pm/hpl_pm.o
 .comment       0x00000059       0x5a hpl/rtc/rtc_lite.o
 .comment       0x00000059       0x5a hpl/spi/spi_lite.o
 .comment       0x00000059       0x5a hpl/sysctrl/hpl_sysctrl.o
 .comment       0x00000059       0x5a hpl/tcc/tcc_lite.o
 .comment       0x00000059       0x5a hpl/tc/tc_lite.o
 .comment       0x00000059       0x5a hpl/usart/usart_lite.o
 .comment       0x00000059       0x5a hv_dc_supply.o
 .comment       0x00000059       0x5a main.o
 .comment       0x00000059       0x5a output_channels.o
 .comment       0x00000059       0x5a sine_wave.o

.debug_info     0x00000000    0x4bc5c
 .debug_info    0x00000000     0x13c2 adc/hal_adc_async.o
 .debug_info    0x000013c2     0x3838 adc/hpl_adc.o
 .debug_info    0x00004bfa     0x65a9 adc_lite.o
 .debug_info    0x0000b1a3      0x3c3 atmel_start.o
 .debug_info    0x0000b566     0x3a43 Device_Startup/startup_samd21.o
 .debug_info    0x0000efa9     0x2e77 dip_switch.o
 .debug_info    0x00011e20     0x118d display.o
 .debug_info    0x00012fad     0x2824 dmx.o
 .debug_info    0x000157d1    0x107af driver_init.o
 .debug_info    0x00025f80      0x5fe hal/src/hal_ac_async.o
 .debug_info    0x0002657e      0x461 hal/src/hal_dac_sync.o
 .debug_info    0x000269df      0x29c hal/src/hal_evsys.o
 .debug_info    0x00026c7b      0x366 hal/src/hal_ext_irq.o
 .debug_info    0x00026fe1      0xc20 hal/src/hal_flash.o
 .debug_info    0x00027c01      0x107 hal/utils/src/utils_assert.o
 .debug_info    0x00027d08      0x2f1 hal/utils/src/utils_ringbuffer.o
 .debug_info    0x00027ff9     0x1e46 hpl/ac/hpl_ac.o
 .debug_info    0x00029e3f      0x6a0 hpl/core/hpl_init.o
 .debug_info    0x0002a4df     0x140d hpl/dac/hpl_dac.o
 .debug_info    0x0002b8ec     0x1fbb hpl/eic/hpl_eic.o
 .debug_info    0x0002d8a7      0xf57 hpl/evsys/hpl_evsys.o
 .debug_info    0x0002e7fe      0x679 hpl/gclk/hpl_gclk.o
 .debug_info    0x0002ee77     0x2bd2 hpl/nvmctrl/hpl_nvmctrl.o
 .debug_info    0x00031a49      0xcd7 hpl/pm/hpl_pm.o
 .debug_info    0x00032720     0x174b hpl/rtc/rtc_lite.o
 .debug_info    0x00033e6b     0x2704 hpl/spi/spi_lite.o
 .debug_info    0x0003656f     0x1ae5 hpl/sysctrl/hpl_sysctrl.o
 .debug_info    0x00038054     0x2a8e hpl/tcc/tcc_lite.o
 .debug_info    0x0003aae2     0x18ab hpl/tc/tc_lite.o
 .debug_info    0x0003c38d     0x25e4 hpl/usart/usart_lite.o
 .debug_info    0x0003e971     0x55ff hv_dc_supply.o
 .debug_info    0x00043f70     0x24d8 main.o
 .debug_info    0x00046448     0x56de output_channels.o
 .debug_info    0x0004bb26      0x136 sine_wave.o

.debug_abbrev   0x00000000     0x59cf
 .debug_abbrev  0x00000000      0x1f3 adc/hal_adc_async.o
 .debug_abbrev  0x000001f3      0x4af adc/hpl_adc.o
 .debug_abbrev  0x000006a2      0x35a adc_lite.o
 .debug_abbrev  0x000009fc       0xea atmel_start.o
 .debug_abbrev  0x00000ae6      0x227 Device_Startup/startup_samd21.o
 .debug_abbrev  0x00000d0d      0x3b5 dip_switch.o
 .debug_abbrev  0x000010c2      0x374 display.o
 .debug_abbrev  0x00001436      0x2f6 dmx.o
 .debug_abbrev  0x0000172c      0x3e5 driver_init.o
 .debug_abbrev  0x00001b11      0x175 hal/src/hal_ac_async.o
 .debug_abbrev  0x00001c86      0x13c hal/src/hal_dac_sync.o
 .debug_abbrev  0x00001dc2       0xcd hal/src/hal_evsys.o
 .debug_abbrev  0x00001e8f      0x16c hal/src/hal_ext_irq.o
 .debug_abbrev  0x00001ffb      0x1c5 hal/src/hal_flash.o
 .debug_abbrev  0x000021c0       0x86 hal/utils/src/utils_assert.o
 .debug_abbrev  0x00002246       0xf4 hal/utils/src/utils_ringbuffer.o
 .debug_abbrev  0x0000233a      0x453 hpl/ac/hpl_ac.o
 .debug_abbrev  0x0000278d      0x1d9 hpl/core/hpl_init.o
 .debug_abbrev  0x00002966      0x38e hpl/dac/hpl_dac.o
 .debug_abbrev  0x00002cf4      0x3f4 hpl/eic/hpl_eic.o
 .debug_abbrev  0x000030e8      0x245 hpl/evsys/hpl_evsys.o
 .debug_abbrev  0x0000332d      0x1c3 hpl/gclk/hpl_gclk.o
 .debug_abbrev  0x000034f0      0x603 hpl/nvmctrl/hpl_nvmctrl.o
 .debug_abbrev  0x00003af3      0x211 hpl/pm/hpl_pm.o
 .debug_abbrev  0x00003d04      0x226 hpl/rtc/rtc_lite.o
 .debug_abbrev  0x00003f2a      0x2ba hpl/spi/spi_lite.o
 .debug_abbrev  0x000041e4      0x265 hpl/sysctrl/hpl_sysctrl.o
 .debug_abbrev  0x00004449      0x279 hpl/tcc/tcc_lite.o
 .debug_abbrev  0x000046c2      0x278 hpl/tc/tc_lite.o
 .debug_abbrev  0x0000493a      0x288 hpl/usart/usart_lite.o
 .debug_abbrev  0x00004bc2      0x4bb hv_dc_supply.o
 .debug_abbrev  0x0000507d      0x47b main.o
 .debug_abbrev  0x000054f8      0x42c output_channels.o
 .debug_abbrev  0x00005924       0xab sine_wave.o

.debug_loc      0x00000000    0x117f5
 .debug_loc     0x00000000     0x10ba adc/hal_adc_async.o
 .debug_loc     0x000010ba     0x1e71 adc/hpl_adc.o
 .debug_loc     0x00002f2b      0x3b6 adc_lite.o
 .debug_loc     0x000032e1       0x20 atmel_start.o
 .debug_loc     0x00003301       0x78 Device_Startup/startup_samd21.o
 .debug_loc     0x00003379      0x474 dip_switch.o
 .debug_loc     0x000037ed      0x581 display.o
 .debug_loc     0x00003d6e      0x1fa dmx.o
 .debug_loc     0x00003f68     0x2fc8 driver_init.o
 .debug_loc     0x00006f30      0x3d3 hal/src/hal_ac_async.o
 .debug_loc     0x00007303      0x418 hal/src/hal_dac_sync.o
 .debug_loc     0x0000771b      0x1c8 hal/src/hal_evsys.o
 .debug_loc     0x000078e3      0x3bd hal/src/hal_ext_irq.o
 .debug_loc     0x00007ca0      0xd6e hal/src/hal_flash.o
 .debug_loc     0x00008a0e      0x2d1 hal/utils/src/utils_ringbuffer.o
 .debug_loc     0x00008cdf      0x954 hpl/ac/hpl_ac.o
 .debug_loc     0x00009633       0x4c hpl/core/hpl_init.o
 .debug_loc     0x0000967f      0x556 hpl/dac/hpl_dac.o
 .debug_loc     0x00009bd5      0x566 hpl/eic/hpl_eic.o
 .debug_loc     0x0000a13b      0x2e5 hpl/evsys/hpl_evsys.o
 .debug_loc     0x0000a420      0x27c hpl/gclk/hpl_gclk.o
 .debug_loc     0x0000a69c     0x1f24 hpl/nvmctrl/hpl_nvmctrl.o
 .debug_loc     0x0000c5c0      0x11b hpl/pm/hpl_pm.o
 .debug_loc     0x0000c6db       0xe4 hpl/rtc/rtc_lite.o
 .debug_loc     0x0000c7bf      0x5d2 hpl/spi/spi_lite.o
 .debug_loc     0x0000cd91      0x324 hpl/sysctrl/hpl_sysctrl.o
 .debug_loc     0x0000d0b5      0x8c0 hpl/tcc/tcc_lite.o
 .debug_loc     0x0000d975      0x7f3 hpl/tc/tc_lite.o
 .debug_loc     0x0000e168      0x3de hpl/usart/usart_lite.o
 .debug_loc     0x0000e546     0x144d hv_dc_supply.o
 .debug_loc     0x0000f993      0x491 main.o
 .debug_loc     0x0000fe24     0x19d1 output_channels.o

.debug_aranges  0x00000000      0xcc0
 .debug_aranges
                0x00000000       0xd0 adc/hal_adc_async.o
 .debug_aranges
                0x000000d0      0x1f0 adc/hpl_adc.o
 .debug_aranges
                0x000002c0       0x20 adc_lite.o
 .debug_aranges
                0x000002e0       0x20 atmel_start.o
 .debug_aranges
                0x00000300       0x28 Device_Startup/startup_samd21.o
 .debug_aranges
                0x00000328       0x48 dip_switch.o
 .debug_aranges
                0x00000370       0x58 display.o
 .debug_aranges
                0x000003c8       0x30 dmx.o
 .debug_aranges
                0x000003f8       0xd8 driver_init.o
 .debug_aranges
                0x000004d0       0x60 hal/src/hal_ac_async.o
 .debug_aranges
                0x00000530       0x48 hal/src/hal_dac_sync.o
 .debug_aranges
                0x00000578       0x50 hal/src/hal_evsys.o
 .debug_aranges
                0x000005c8       0x50 hal/src/hal_ext_irq.o
 .debug_aranges
                0x00000618       0x90 hal/src/hal_flash.o
 .debug_aranges
                0x000006a8       0x20 hal/utils/src/utils_assert.o
 .debug_aranges
                0x000006c8       0x40 hal/utils/src/utils_ringbuffer.o
 .debug_aranges
                0x00000708       0xa0 hpl/ac/hpl_ac.o
 .debug_aranges
                0x000007a8       0x20 hpl/core/hpl_init.o
 .debug_aranges
                0x000007c8       0x88 hpl/dac/hpl_dac.o
 .debug_aranges
                0x00000850       0x38 hpl/eic/hpl_eic.o
 .debug_aranges
                0x00000888       0x38 hpl/evsys/hpl_evsys.o
 .debug_aranges
                0x000008c0       0x28 hpl/gclk/hpl_gclk.o
 .debug_aranges
                0x000008e8       0xf0 hpl/nvmctrl/hpl_nvmctrl.o
 .debug_aranges
                0x000009d8       0x30 hpl/pm/hpl_pm.o
 .debug_aranges
                0x00000a08       0x20 hpl/rtc/rtc_lite.o
 .debug_aranges
                0x00000a28       0x50 hpl/spi/spi_lite.o
 .debug_aranges
                0x00000a78       0x28 hpl/sysctrl/hpl_sysctrl.o
 .debug_aranges
                0x00000aa0       0x30 hpl/tcc/tcc_lite.o
 .debug_aranges
                0x00000ad0       0x40 hpl/tc/tc_lite.o
 .debug_aranges
                0x00000b10       0x50 hpl/usart/usart_lite.o
 .debug_aranges
                0x00000b60       0x70 hv_dc_supply.o
 .debug_aranges
                0x00000bd0       0x58 main.o
 .debug_aranges
                0x00000c28       0x80 output_channels.o
 .debug_aranges
                0x00000ca8       0x18 sine_wave.o

.debug_ranges   0x00000000      0xc60
 .debug_ranges  0x00000000       0xc0 adc/hal_adc_async.o
 .debug_ranges  0x000000c0      0x1f8 adc/hpl_adc.o
 .debug_ranges  0x000002b8       0x10 adc_lite.o
 .debug_ranges  0x000002c8       0x10 atmel_start.o
 .debug_ranges  0x000002d8       0x18 Device_Startup/startup_samd21.o
 .debug_ranges  0x000002f0       0x50 dip_switch.o
 .debug_ranges  0x00000340       0x78 display.o
 .debug_ranges  0x000003b8       0x38 dmx.o
 .debug_ranges  0x000003f0       0xc8 driver_init.o
 .debug_ranges  0x000004b8       0x50 hal/src/hal_ac_async.o
 .debug_ranges  0x00000508       0x38 hal/src/hal_dac_sync.o
 .debug_ranges  0x00000540       0x40 hal/src/hal_evsys.o
 .debug_ranges  0x00000580       0x40 hal/src/hal_ext_irq.o
 .debug_ranges  0x000005c0       0x80 hal/src/hal_flash.o
 .debug_ranges  0x00000640       0x10 hal/utils/src/utils_assert.o
 .debug_ranges  0x00000650       0x30 hal/utils/src/utils_ringbuffer.o
 .debug_ranges  0x00000680       0xc0 hpl/ac/hpl_ac.o
 .debug_ranges  0x00000740       0x10 hpl/core/hpl_init.o
 .debug_ranges  0x00000750       0x90 hpl/dac/hpl_dac.o
 .debug_ranges  0x000007e0       0x40 hpl/eic/hpl_eic.o
 .debug_ranges  0x00000820       0x28 hpl/evsys/hpl_evsys.o
 .debug_ranges  0x00000848       0x18 hpl/gclk/hpl_gclk.o
 .debug_ranges  0x00000860       0xf8 hpl/nvmctrl/hpl_nvmctrl.o
 .debug_ranges  0x00000958       0x20 hpl/pm/hpl_pm.o
 .debug_ranges  0x00000978       0x10 hpl/rtc/rtc_lite.o
 .debug_ranges  0x00000988       0x40 hpl/spi/spi_lite.o
 .debug_ranges  0x000009c8       0x18 hpl/sysctrl/hpl_sysctrl.o
 .debug_ranges  0x000009e0       0x20 hpl/tcc/tcc_lite.o
 .debug_ranges  0x00000a00       0x30 hpl/tc/tc_lite.o
 .debug_ranges  0x00000a30       0x40 hpl/usart/usart_lite.o
 .debug_ranges  0x00000a70       0xd8 hv_dc_supply.o
 .debug_ranges  0x00000b48       0x60 main.o
 .debug_ranges  0x00000ba8       0xb8 output_channels.o

.debug_macro    0x00000000     0xccb5
 .debug_macro   0x00000000      0x49b adc/hal_adc_async.o
 .debug_macro   0x0000049b       0x16 adc/hal_adc_async.o
 .debug_macro   0x000004b1       0xc9 adc/hal_adc_async.o
 .debug_macro   0x0000057a      0x495 adc/hpl_adc.o
 .debug_macro   0x00000a0f      0x6cc adc/hpl_adc.o
 .debug_macro   0x000010db      0x6ba adc/hpl_adc.o
 .debug_macro   0x00001795       0xd2 adc/hpl_adc.o
 .debug_macro   0x00001867      0x50d adc_lite.o
 .debug_macro   0x00001d74      0x1a0 adc_lite.o
 .debug_macro   0x00001f14       0x22 adc_lite.o
 .debug_macro   0x00001f36      0x11e adc_lite.o
 .debug_macro   0x00002054      0x587 atmel_start.o
 .debug_macro   0x000025db       0x1c atmel_start.o
 .debug_macro   0x000025f7       0x16 atmel_start.o
 .debug_macro   0x0000260d       0x1c atmel_start.o
 .debug_macro   0x00002629       0x10 atmel_start.o
 .debug_macro   0x00002639      0x310 Device_Startup/startup_samd21.o
 .debug_macro   0x00002949       0x39 Device_Startup/startup_samd21.o
 .debug_macro   0x00002982      0x5f7 dip_switch.o
 .debug_macro   0x00002f79       0x22 dip_switch.o
 .debug_macro   0x00002f9b      0x4ca display.o
 .debug_macro   0x00003465       0x16 display.o
 .debug_macro   0x0000347b      0x5a1 dmx.o
 .debug_macro   0x00003a1c       0x16 dmx.o
 .debug_macro   0x00003a32      0x59c driver_init.o
 .debug_macro   0x00003fce      0x46e hal/src/hal_ac_async.o
 .debug_macro   0x0000443c      0x46b hal/src/hal_dac_sync.o
 .debug_macro   0x000048a7      0x452 hal/src/hal_evsys.o
 .debug_macro   0x00004cf9      0x458 hal/src/hal_ext_irq.o
 .debug_macro   0x00005151      0x46e hal/src/hal_flash.o
 .debug_macro   0x000055bf      0x447 hal/utils/src/utils_assert.o
 .debug_macro   0x00005a06       0x10 hal/utils/src/utils_assert.o
 .debug_macro   0x00005a16      0x44b hal/utils/src/utils_ringbuffer.o
 .debug_macro   0x00005e61      0x471 hpl/ac/hpl_ac.o
 .debug_macro   0x000062d2      0x101 hpl/ac/hpl_ac.o
 .debug_macro   0x000063d3      0x4b8 hpl/core/hpl_init.o
 .debug_macro   0x0000688b       0x2e hpl/core/hpl_init.o
 .debug_macro   0x000068b9      0x6ec hpl/core/hpl_init.o
 .debug_macro   0x00006fa5      0x46e hpl/dac/hpl_dac.o
 .debug_macro   0x00007413       0x46 hpl/dac/hpl_dac.o
 .debug_macro   0x00007459      0x522 hpl/eic/hpl_eic.o
 .debug_macro   0x0000797b      0x241 hpl/eic/hpl_eic.o
 .debug_macro   0x00007bbc      0x4bc hpl/evsys/hpl_evsys.o
 .debug_macro   0x00008078      0x2c7 hpl/evsys/hpl_evsys.o
 .debug_macro   0x0000833f      0x45a hpl/gclk/hpl_gclk.o
 .debug_macro   0x00008799      0x1f3 hpl/gclk/hpl_gclk.o
 .debug_macro   0x0000898c      0x58c hpl/nvmctrl/hpl_nvmctrl.o
 .debug_macro   0x00008f18       0x1c hpl/nvmctrl/hpl_nvmctrl.o
 .debug_macro   0x00008f34      0x47d hpl/pm/hpl_pm.o
 .debug_macro   0x000093b1      0x457 hpl/rtc/rtc_lite.o
 .debug_macro   0x00009808      0x459 hpl/spi/spi_lite.o
 .debug_macro   0x00009c61      0x454 hpl/sysctrl/hpl_sysctrl.o
 .debug_macro   0x0000a0b5      0x2da hpl/sysctrl/hpl_sysctrl.o
 .debug_macro   0x0000a38f      0x44b hpl/tcc/tcc_lite.o
 .debug_macro   0x0000a7da      0x44b hpl/tc/tc_lite.o
 .debug_macro   0x0000ac25      0x459 hpl/usart/usart_lite.o
 .debug_macro   0x0000b07e      0x75a hv_dc_supply.o
 .debug_macro   0x0000b7d8       0x22 hv_dc_supply.o
 .debug_macro   0x0000b7fa       0x16 hv_dc_supply.o
 .debug_macro   0x0000b810      0x781 main.o
 .debug_macro   0x0000bf91       0x5e main.o
 .debug_macro   0x0000bfef       0x2e main.o
 .debug_macro   0x0000c01d      0x1e1 main.o
 .debug_macro   0x0000c1fe      0x5f6 output_channels.o
 .debug_macro   0x0000c7f4       0x58 output_channels.o
 .debug_macro   0x0000c84c      0x469 sine_wave.o

.debug_line     0x00000000    0x19010
 .debug_line    0x00000000      0xc82 adc/hal_adc_async.o
 .debug_line    0x00000c82     0x1277 adc/hpl_adc.o
 .debug_line    0x00001ef9      0xb05 adc_lite.o
 .debug_line    0x000029fe      0xb98 atmel_start.o
 .debug_line    0x00003596      0x70c Device_Startup/startup_samd21.o
 .debug_line    0x00003ca2      0xcf1 dip_switch.o
 .debug_line    0x00004993      0xb3f display.o
 .debug_line    0x000054d2      0xc5a dmx.o
 .debug_line    0x0000612c     0x109c driver_init.o
 .debug_line    0x000071c8      0xa5a hal/src/hal_ac_async.o
 .debug_line    0x00007c22      0xa7d hal/src/hal_dac_sync.o
 .debug_line    0x0000869f      0x9dc hal/src/hal_evsys.o
 .debug_line    0x0000907b      0xa4d hal/src/hal_ext_irq.o
 .debug_line    0x00009ac8      0xbea hal/src/hal_flash.o
 .debug_line    0x0000a6b2      0x971 hal/utils/src/utils_assert.o
 .debug_line    0x0000b023      0xa10 hal/utils/src/utils_ringbuffer.o
 .debug_line    0x0000ba33      0xcf4 hpl/ac/hpl_ac.o
 .debug_line    0x0000c727      0xa52 hpl/core/hpl_init.o
 .debug_line    0x0000d179      0xbd4 hpl/dac/hpl_dac.o
 .debug_line    0x0000dd4d      0xb69 hpl/eic/hpl_eic.o
 .debug_line    0x0000e8b6      0xa7c hpl/evsys/hpl_evsys.o
 .debug_line    0x0000f332      0xa0b hpl/gclk/hpl_gclk.o
 .debug_line    0x0000fd3d     0x108a hpl/nvmctrl/hpl_nvmctrl.o
 .debug_line    0x00010dc7      0xa17 hpl/pm/hpl_pm.o
 .debug_line    0x000117de      0x9aa hpl/rtc/rtc_lite.o
 .debug_line    0x00012188      0xb1a hpl/spi/spi_lite.o
 .debug_line    0x00012ca2      0xab8 hpl/sysctrl/hpl_sysctrl.o
 .debug_line    0x0001375a      0xab7 hpl/tcc/tcc_lite.o
 .debug_line    0x00014211      0xaed hpl/tc/tc_lite.o
 .debug_line    0x00014cfe      0xab9 hpl/usart/usart_lite.o
 .debug_line    0x000157b7      0xf92 hv_dc_supply.o
 .debug_line    0x00016749      0xef3 main.o
 .debug_line    0x0001763c     0x1045 output_channels.o
 .debug_line    0x00018681      0x98f sine_wave.o

.debug_str      0x00000000    0x93451
 .debug_str     0x00000000    0x7a188 adc/hal_adc_async.o
                              0x7a7c4 (size before relaxing)
 .debug_str     0x0007a188     0x6e79 adc/hpl_adc.o
                              0x80d27 (size before relaxing)
 .debug_str     0x00081001     0x26db adc_lite.o
                              0x7cb7c (size before relaxing)
 .debug_str     0x000836dc      0x41d atmel_start.o
                              0x7ae20 (size before relaxing)
 .debug_str     0x00083af9      0x40f Device_Startup/startup_samd21.o
                              0x71e55 (size before relaxing)
 .debug_str     0x00083f08      0xa59 dip_switch.o
                              0x7bcff (size before relaxing)
 .debug_str     0x00084961      0x2be display.o
                              0x7b04b (size before relaxing)
 .debug_str     0x00084c1f      0x7ea dmx.o
                              0x7b9d8 (size before relaxing)
 .debug_str     0x00085409      0xc09 driver_init.o
                              0x7e363 (size before relaxing)
 .debug_str     0x00086012       0xc1 hal/src/hal_ac_async.o
                              0x7a04d (size before relaxing)
 .debug_str     0x000860d3       0xb3 hal/src/hal_dac_sync.o
                              0x79b09 (size before relaxing)
 .debug_str     0x00086186       0xca hal/src/hal_evsys.o
                              0x79a09 (size before relaxing)
 .debug_str     0x00086250       0xcc hal/src/hal_ext_irq.o
                              0x799e6 (size before relaxing)
 .debug_str     0x0008631c      0x18a hal/src/hal_flash.o
                              0x7a159 (size before relaxing)
 .debug_str     0x000864a6       0x2a hal/utils/src/utils_assert.o
                              0x79931 (size before relaxing)
 .debug_str     0x000864d0       0x24 hal/utils/src/utils_ringbuffer.o
                              0x799d7 (size before relaxing)
 .debug_str     0x000864f4      0xcb7 hpl/ac/hpl_ac.o
                              0x7b060 (size before relaxing)
 .debug_str     0x000871ab     0x17d7 hpl/core/hpl_init.o
                              0x7be01 (size before relaxing)
 .debug_str     0x00088982      0x405 hpl/dac/hpl_dac.o
                              0x7a1ed (size before relaxing)
 .debug_str     0x00088d87     0x3b2e hpl/eic/hpl_eic.o
                              0x7dc7e (size before relaxing)
 .debug_str     0x0008c8b5      0xd78 hpl/evsys/hpl_evsys.o
                              0x7ff9d (size before relaxing)
 .debug_str     0x0008d62d      0x852 hpl/gclk/hpl_gclk.o
                              0x7a251 (size before relaxing)
 .debug_str     0x0008de7f      0x913 hpl/nvmctrl/hpl_nvmctrl.o
                              0x7d95b (size before relaxing)
 .debug_str     0x0008e792      0x194 hpl/pm/hpl_pm.o
                              0x7a97d (size before relaxing)
 .debug_str     0x0008e926      0x12d hpl/rtc/rtc_lite.o
                              0x79e8a (size before relaxing)
 .debug_str     0x0008ea53      0x2ad hpl/spi/spi_lite.o
                              0x7adda (size before relaxing)
 .debug_str     0x0008ed00     0x13be hpl/sysctrl/hpl_sysctrl.o
                              0x7aed4 (size before relaxing)
 .debug_str     0x000900be      0x181 hpl/tcc/tcc_lite.o
                              0x7a1c8 (size before relaxing)
 .debug_str     0x0009023f      0x133 hpl/tc/tc_lite.o
                              0x79d81 (size before relaxing)
 .debug_str     0x00090372      0x2f3 hpl/usart/usart_lite.o
                              0x7ae58 (size before relaxing)
 .debug_str     0x00090665     0x1b96 hv_dc_supply.o
                              0x7dd19 (size before relaxing)
 .debug_str     0x000921fb      0xfb7 main.o
                              0x7fd12 (size before relaxing)
 .debug_str     0x000931b2      0x28e output_channels.o
                              0x7c7be (size before relaxing)
 .debug_str     0x00093440       0x11 sine_wave.o
                              0x79cb0 (size before relaxing)

.debug_frame    0x00000000     0x2148
 .debug_frame   0x00000000      0x2bc adc/hal_adc_async.o
 .debug_frame   0x000002bc      0x498 adc/hpl_adc.o
 .debug_frame   0x00000754       0x30 adc_lite.o
 .debug_frame   0x00000784       0x28 atmel_start.o
 .debug_frame   0x000007ac       0x40 Device_Startup/startup_samd21.o
 .debug_frame   0x000007ec       0x9c dip_switch.o
 .debug_frame   0x00000888       0xe0 display.o
 .debug_frame   0x00000968       0x50 dmx.o
 .debug_frame   0x000009b8      0x21c driver_init.o
 .debug_frame   0x00000bd4       0xf0 hal/src/hal_ac_async.o
 .debug_frame   0x00000cc4       0xb4 hal/src/hal_dac_sync.o
 .debug_frame   0x00000d78       0xb0 hal/src/hal_evsys.o
 .debug_frame   0x00000e28       0xc8 hal/src/hal_ext_irq.o
 .debug_frame   0x00000ef0      0x1b8 hal/src/hal_flash.o
 .debug_frame   0x000010a8       0x20 hal/utils/src/utils_assert.o
 .debug_frame   0x000010c8       0x94 hal/utils/src/utils_ringbuffer.o
 .debug_frame   0x0000115c      0x164 hpl/ac/hpl_ac.o
 .debug_frame   0x000012c0       0x28 hpl/core/hpl_init.o
 .debug_frame   0x000012e8      0x108 hpl/dac/hpl_dac.o
 .debug_frame   0x000013f0       0x6c hpl/eic/hpl_eic.o
 .debug_frame   0x0000145c       0x58 hpl/evsys/hpl_evsys.o
 .debug_frame   0x000014b4       0x30 hpl/gclk/hpl_gclk.o
 .debug_frame   0x000014e4      0x2dc hpl/nvmctrl/hpl_nvmctrl.o
 .debug_frame   0x000017c0       0x40 hpl/pm/hpl_pm.o
 .debug_frame   0x00001800       0x20 hpl/rtc/rtc_lite.o
 .debug_frame   0x00001820       0x80 hpl/spi/spi_lite.o
 .debug_frame   0x000018a0       0x30 hpl/sysctrl/hpl_sysctrl.o
 .debug_frame   0x000018d0       0x40 hpl/tcc/tcc_lite.o
 .debug_frame   0x00001910       0x60 hpl/tc/tc_lite.o
 .debug_frame   0x00001970       0x80 hpl/usart/usart_lite.o
 .debug_frame   0x000019f0      0x120 hv_dc_supply.o
 .debug_frame   0x00001b10       0xd0 main.o
 .debug_frame   0x00001be0      0x188 output_channels.o
 .debug_frame   0x00001d68       0x30 c:/program files (x86)/atmel/studio/7.0/toolchain/arm/arm-gnu-toolchain/bin/../lib/gcc/arm-none-eabi/6.3.1/../../../../arm-none-eabi/lib/thumb/v6-m\libm.a(lib_a-s_round.o)
 .debug_frame   0x00001d98       0x20 c:/program files (x86)/atmel/studio/7.0/toolchain/arm/arm-gnu-toolchain/bin/../lib/gcc/arm-none-eabi/6.3.1/thumb/v6-m\libgcc.a(_udivsi3.o)
 .debug_frame   0x00001db8       0x20 c:/program files (x86)/atmel/studio/7.0/toolchain/arm/arm-gnu-toolchain/bin/../lib/gcc/arm-none-eabi/6.3.1/thumb/v6-m\libgcc.a(_divsi3.o)
 .debug_frame   0x00001dd8       0x34 c:/program files (x86)/atmel/studio/7.0/toolchain/arm/arm-gnu-toolchain/bin/../lib/gcc/arm-none-eabi/6.3.1/thumb/v6-m\libgcc.a(_muldi3.o)
 .debug_frame   0x00001e0c       0x28 c:/program files (x86)/atmel/studio/7.0/toolchain/arm/arm-gnu-toolchain/bin/../lib/gcc/arm-none-eabi/6.3.1/thumb/v6-m\libgcc.a(_ffssi2.o)
 .debug_frame   0x00001e34       0x28 c:/program files (x86)/atmel/studio/7.0/toolchain/arm/arm-gnu-toolchain/bin/../lib/gcc/arm-none-eabi/6.3.1/thumb/v6-m\libgcc.a(_fixunssfsi.o)
 .debug_frame   0x00001e5c       0x30 c:/program files (x86)/atmel/studio/7.0/toolchain/arm/arm-gnu-toolchain/bin/../lib/gcc/arm-none-eabi/6.3.1/thumb/v6-m\libgcc.a(bpabi.o)
 .debug_frame   0x00001e8c       0x3c c:/program files (x86)/atmel/studio/7.0/toolchain/arm/arm-gnu-toolchain/bin/../lib/gcc/arm-none-eabi/6.3.1/thumb/v6-m\libgcc.a(mulsf3.o)
 .debug_frame   0x00001ec8       0x38 c:/program files (x86)/atmel/studio/7.0/toolchain/arm/arm-gnu-toolchain/bin/../lib/gcc/arm-none-eabi/6.3.1/thumb/v6-m\libgcc.a(subsf3.o)
 .debug_frame   0x00001f00       0x20 c:/program files (x86)/atmel/studio/7.0/toolchain/arm/arm-gnu-toolchain/bin/../lib/gcc/arm-none-eabi/6.3.1/thumb/v6-m\libgcc.a(fixsfsi.o)
 .debug_frame   0x00001f20       0x28 c:/program files (x86)/atmel/studio/7.0/toolchain/arm/arm-gnu-toolchain/bin/../lib/gcc/arm-none-eabi/6.3.1/thumb/v6-m\libgcc.a(floatunsisf.o)
 .debug_frame   0x00001f48       0x3c c:/program files (x86)/atmel/studio/7.0/toolchain/arm/arm-gnu-toolchain/bin/../lib/gcc/arm-none-eabi/6.3.1/thumb/v6-m\libgcc.a(adddf3.o)
 .debug_frame   0x00001f84       0x3c c:/program files (x86)/atmel/studio/7.0/toolchain/arm/arm-gnu-toolchain/bin/../lib/gcc/arm-none-eabi/6.3.1/thumb/v6-m\libgcc.a(muldf3.o)
 .debug_frame   0x00001fc0       0x38 c:/program files (x86)/atmel/studio/7.0/toolchain/arm/arm-gnu-toolchain/bin/../lib/gcc/arm-none-eabi/6.3.1/thumb/v6-m\libgcc.a(subdf3.o)
 .debug_frame   0x00001ff8       0x2c c:/program files (x86)/atmel/studio/7.0/toolchain/arm/arm-gnu-toolchain/bin/../lib/gcc/arm-none-eabi/6.3.1/thumb/v6-m\libgcc.a(extendsfdf2.o)
 .debug_frame   0x00002024       0x30 c:/program files (x86)/atmel/studio/7.0/toolchain/arm/arm-gnu-toolchain/bin/../lib/gcc/arm-none-eabi/6.3.1/thumb/v6-m\libgcc.a(truncdfsf2.o)
 .debug_frame   0x00002054       0x3c c:/program files (x86)/atmel/studio/7.0/toolchain/arm/arm-gnu-toolchain/bin/../lib/gcc/arm-none-eabi/6.3.1/thumb/v6-m\libgcc.a(_divdi3.o)
 .debug_frame   0x00002090       0x2c c:/program files (x86)/atmel/studio/7.0/toolchain/arm/arm-gnu-toolchain/bin/../lib/gcc/arm-none-eabi/6.3.1/thumb/v6-m\libgcc.a(eqsf2.o)
 .debug_frame   0x000020bc       0x30 c:/program files (x86)/atmel/studio/7.0/toolchain/arm/arm-gnu-toolchain/bin/../lib/gcc/arm-none-eabi/6.3.1/thumb/v6-m\libgcc.a(gesf2.o)
 .debug_frame   0x000020ec       0x30 c:/program files (x86)/atmel/studio/7.0/toolchain/arm/arm-gnu-toolchain/bin/../lib/gcc/arm-none-eabi/6.3.1/thumb/v6-m\libgcc.a(lesf2.o)
 .debug_frame   0x0000211c       0x2c c:/program files (x86)/atmel/studio/7.0/toolchain/arm/arm-gnu-toolchain/bin/../lib/gcc/arm-none-eabi/6.3.1/../../../../arm-none-eabi/lib/thumb/v6-m\libc_nano.a(lib_a-init.o)
